[     143ms] [WARNING] 判断AESPluginSurveyUI @ https://g.alicdn.com/??mtb/lib-mtop/2.6.1/mtop.js,code/lib/react/17.0.1/umd/react.production.min.js,code/lib/react-dom/17.0.1/umd/react-dom.production.min.js,qn/qn-survey-ui/0.0.14/index.js,code/lib/moment.js/2.27.0/moment-with-locales.min.js:277
[     143ms] [WARNING] 初始化AESPluginSurveyUI @ https://g.alicdn.com/??mtb/lib-mtop/2.6.1/mtop.js,code/lib/react/17.0.1/umd/react.production.min.js,code/lib/react-dom/17.0.1/umd/react-dom.production.min.js,qn/qn-survey-ui/0.0.14/index.js,code/lib/moment.js/2.27.0/moment-with-locales.min.js:277
[     170ms] [WARNING] The PerformanceObserver does not support buffered flag with the entryTypes argument. @ https://g.alicdn.com/tb/tracker/index.js:0
[     348ms] [LOG] %c [APLUS] -- APLUS INIT SUCCESS background:#3B82FE; padding: 4px; padding-right: 8px; border-radius: 4px; color: #fff; @ :1
[     472ms] [LOG] false @ https://g.alicdn.com/aes/??tracker/1.0.34/index.js,tracker-plugin-jserror/1.0.13/index.js,tracker-plugin-api/1.1.12/index.js,tracker-plugin-perf/1.1.6/index.js,tracker-plugin-autolog/2.2.3/index.js,tracker-plugin-pv/2.4.1/index.js,tracker-plugin-event/1.2.5/index.js,tracker-plugin-survey/1.1.21/index.js:0
[     629ms] [LOG] generateOldMicroModInfo qianniu-feedback-mods {publicPath: https://g.alicdn.com/merchant-micro-mods/qianniu-feedback-mods/0.0.10, remoteEntry: https://g.alicdn.com/merchant-micro-mods/qianniu-feedback-mods/0.0.10/js/remoteEntry.js, moduleFederatedName: qianniu_feedback_mods$0_0_10} @ https://g.alicdn.com/crs-qn/qnWorkbench/0.2.31/js/index.js:0
[     629ms] [LOG] generateOldMicroModInfo qnworkbench-recommendation-list {publicPath: https://g.alicdn.com/merchant-micro-mods/qnworkbench-recommendation-list/0.0.4, remoteEntry: https://g.alicdn.com/merchant-micro-mods/qnworkbench-recommendation-list/0.0.4/js/remoteEntry.js, moduleFederatedName: qnworkbench_recommendation_list$0_0_4} @ https://g.alicdn.com/crs-qn/qnWorkbench/0.2.31/js/index.js:0
[     629ms] [LOG] generateOldMicroModInfo qnWorkbench-microMods-recommendation {publicPath: https://g.alicdn.com/merchant-micro-mods/qnWorkbench-microMods-recommendation/0.0.17, remoteEntry: https://g.alicdn.com/merchant-micro-mods/qnWorkben…microMods-recommendation/0.0.17/js/remoteEntry.js, moduleFederatedName: QnWorkbenchMicroModsRecommendation$0_0_17} @ https://g.alicdn.com/crs-qn/qnWorkbench/0.2.31/js/index.js:0
[     629ms] [LOG] generateOldMicroModInfo qnWorkbench-microMods-ReturnPreviousVersion {publicPath: https://g.alicdn.com/merchant-micro-mods/qnWorkbench-microMods-ReturnPreviousVersion/0.0.9, remoteEntry: https://g.alicdn.com/merchant-micro-mods/qnWorkben…ods-ReturnPreviousVersion/0.0.9/js/remoteEntry.js, moduleFederatedName: qnWorkbench_microMods_ReturnPreviousVersion$0_0_9} @ https://g.alicdn.com/crs-qn/qnWorkbench/0.2.31/js/index.js:0
[     629ms] [LOG] generateOldMicroModInfo qn-search {publicPath: https://g.alicdn.com/merchant-micro-mods/qn-search/0.0.41, remoteEntry: https://g.alicdn.com/merchant-micro-mods/qn-search/0.0.41/js/remoteEntry.js, moduleFederatedName: qn_search$0_0_41} @ https://g.alicdn.com/crs-qn/qnWorkbench/0.2.31/js/index.js:0
[     629ms] [LOG] generateOldMicroModInfo workbench-version-boot {publicPath: https://g.alicdn.com/merchant-micro-mods/workbench-version-boot/0.0.3, remoteEntry: https://g.alicdn.com/merchant-micro-mods/workbench-version-boot/0.0.3/js/remoteEntry.js, moduleFederatedName: workbench_version_boot$0_0_3} @ https://g.alicdn.com/crs-qn/qnWorkbench/0.2.31/js/index.js:0
[     629ms] [LOG] generateOldMicroModInfo workbench-popup-window {publicPath: https://g.alicdn.com/merchant-micro-mods/workbench-popup-window/0.0.5, remoteEntry: https://g.alicdn.com/merchant-micro-mods/workbench-popup-window/0.0.5/js/remoteEntry.js, moduleFederatedName: workbench_popup_window$0_0_5} @ https://g.alicdn.com/crs-qn/qnWorkbench/0.2.31/js/index.js:0
[     629ms] [LOG] generateOldMicroModInfo qnworkbench-sys-message {publicPath: https://g.alicdn.com/merchant-micro-mods/qnworkbench-sys-message/0.0.10, remoteEntry: https://g.alicdn.com/merchant-micro-mods/qnworkbench-sys-message/0.0.10/js/remoteEntry.js, moduleFederatedName: qnworkbench_sys_message$0_0_10} @ https://g.alicdn.com/crs-qn/qnWorkbench/0.2.31/js/index.js:0
[     629ms] [LOG] generateOldMicroModInfo workbench-guide-client {publicPath: https://g.alicdn.com/merchant-micro-mods/workbench-guide-client/0.0.6, remoteEntry: https://g.alicdn.com/merchant-micro-mods/workbench-guide-client/0.0.6/js/remoteEntry.js, moduleFederatedName: workbench_guide_client$0_0_6} @ https://g.alicdn.com/crs-qn/qnWorkbench/0.2.31/js/index.js:0
[     629ms] [LOG] generateOldMicroModInfo qn-component-tab {publicPath: https://g.alicdn.com/merchant-micro-mods/qn-component-tab/0.0.3, remoteEntry: https://g.alicdn.com/merchant-micro-mods/qn-component-tab/0.0.3/js/remoteEntry.js, moduleFederatedName: qn_component_tab$0_0_3} @ https://g.alicdn.com/crs-qn/qnWorkbench/0.2.31/js/index.js:0
[     629ms] [LOG] generateOldMicroModInfo qn-component-banner {publicPath: https://g.alicdn.com/merchant-micro-mods/qn-component-banner/0.0.4, remoteEntry: https://g.alicdn.com/merchant-micro-mods/qn-component-banner/0.0.4/js/remoteEntry.js, moduleFederatedName: qn_component_banner$0_0_4} @ https://g.alicdn.com/crs-qn/qnWorkbench/0.2.31/js/index.js:0
[     629ms] [LOG] generateOldMicroModInfo qn-component-notify {publicPath: https://g.alicdn.com/merchant-micro-mods/qn-component-notify/0.0.4, remoteEntry: https://g.alicdn.com/merchant-micro-mods/qn-component-notify/0.0.4/js/remoteEntry.js, moduleFederatedName: qn_component_notify$0_0_4} @ https://g.alicdn.com/crs-qn/qnWorkbench/0.2.31/js/index.js:0
[     629ms] [LOG] generateOldMicroModInfo qn-component-manual {publicPath: https://g.alicdn.com/merchant-micro-mods/qn-component-manual/0.0.3, remoteEntry: https://g.alicdn.com/merchant-micro-mods/qn-component-manual/0.0.3/js/remoteEntry.js, moduleFederatedName: qn_component_manual$0_0_3} @ https://g.alicdn.com/crs-qn/qnWorkbench/0.2.31/js/index.js:0
[     645ms] [LOG] isShowQnAsk false @ https://g.alicdn.com/crs-qn/qnWorkbench/0.2.31/js/index.js:0
[     661ms] [LOG] subMenuRenderLen 0 @ https://g.alicdn.com/crs-qn/qnWorkbench/0.2.31/js/index.js:0
[     662ms] [LOG] subMenuRenderLen 0 @ https://g.alicdn.com/crs-qn/qnWorkbench/0.2.31/js/index.js:0
[     670ms] [LOG] [event] not has QNAbilityCenter @ https://g.alicdn.com/crs-qn/qnWorkbench/0.2.31/js/index.js:0
[     670ms] [LOG] [FrameworkLayout] AppLeave {} @ https://g.alicdn.com/crs-qn/qnWorkbench/0.2.31/js/index.js:0
[     671ms] [LOG] [FrameworkLayout] appEnter {} @ https://g.alicdn.com/crs-qn/qnWorkbench/0.2.31/js/index.js:0
[     671ms] [LOG] [MicroAppRouteManage] Enter getMicroAppRoutes @ https://g.alicdn.com/crs-qn/qnWorkbench/0.2.31/js/index.js:0
[     678ms] [LOG] ServiceWorker注册成功:  https://myseller.taobao.com/home.htm @ https://g.alicdn.com/crs-qn/qnWorkbench/0.2.31/js/index.js:0
[     678ms] [LOG] isShowQnAsk false @ https://g.alicdn.com/crs-qn/qnWorkbench/0.2.31/js/index.js:0
[     680ms] [LOG] subMenuRenderLen 0 @ https://g.alicdn.com/crs-qn/qnWorkbench/0.2.31/js/index.js:0
[     680ms] [LOG] subMenuRenderLen 0 @ https://g.alicdn.com/crs-qn/qnWorkbench/0.2.31/js/index.js:0
[     847ms] [LOG] isShowQnAsk false @ https://g.alicdn.com/crs-qn/qnWorkbench/0.2.31/js/index.js:0
[     849ms] [LOG] subMenuRenderLen 0 @ https://g.alicdn.com/crs-qn/qnWorkbench/0.2.31/js/index.js:0
[     849ms] [LOG] subMenuRenderLen 0 @ https://g.alicdn.com/crs-qn/qnWorkbench/0.2.31/js/index.js:0
[     871ms] [LOG] [event] not has QNAbilityCenter @ https://g.alicdn.com/crs-qn/qnWorkbench/0.2.31/js/index.js:0
[    1012ms] [LOG] isShowQnAsk false @ https://g.alicdn.com/crs-qn/qnWorkbench/0.2.31/js/index.js:0
[    1015ms] [LOG] subMenuRenderLen 0 @ https://g.alicdn.com/crs-qn/qnWorkbench/0.2.31/js/index.js:0
[    1015ms] [LOG] subMenuRenderLen 0 @ https://g.alicdn.com/crs-qn/qnWorkbench/0.2.31/js/index.js:0
[    1017ms] [LOG] wanxiang simplifiedSelected 变化了 @ https://g.alicdn.com/crs-qn/qnWorkbench/0.2.31/js/index.js:0
[    1056ms] [LOG] 修改链接的微应用 starb starb-placeholder /home.htm/starb /home.htm/starb-placeholder @ https://g.alicdn.com/crs-qn/qnWorkbench/0.2.31/js/index.js:0
[    1056ms] [LOG] 修改链接的微应用 bidding starb/bidding /home.htm/bidding /home.htm/starb/bidding @ https://g.alicdn.com/crs-qn/qnWorkbench/0.2.31/js/index.js:0
[    1056ms] [LOG] 修改链接的微应用 tmc-next tmc-next-new /home.htm/tmc-next /home.htm/tmc-next-new @ https://g.alicdn.com/crs-qn/qnWorkbench/0.2.31/js/index.js:0
[    1056ms] [LOG] 修改链接的微应用 price-home starb/price-home /home.htm/price-home /home.htm/starb/price-home @ https://g.alicdn.com/crs-qn/qnWorkbench/0.2.31/js/index.js:0
[    1056ms] [LOG] 修改链接的微应用 custom-page commodity-page /home.htm/custom-page /home.htm/commodity-page @ https://g.alicdn.com/crs-qn/qnWorkbench/0.2.31/js/index.js:0
[    1056ms] [LOG] 修改链接的微应用 hot-item-level starb/hot-item-level /home.htm/hot-item-level /home.htm/starb/hot-item-level @ https://g.alicdn.com/crs-qn/qnWorkbench/0.2.31/js/index.js:0
[    1056ms] [LOG] 修改链接的微应用 mkt-tools-home starb/nebula/mkt-tools/mkt-tools-home /home.htm/mkt-tools-home /home.htm/starb/nebula/mkt-tools/mkt-tools-home @ https://g.alicdn.com/crs-qn/qnWorkbench/0.2.31/js/index.js:0
[    1057ms] [LOG] 【营销链接】linkConfig {price-trusteeship: Object, mkt-coupons: Object, coupon-error: Object, mkt-tools-coupon: Object, coupon-price-drop: Object} @ https://g.alicdn.com/crs-qn/qnWorkbench/0.2.31/js/index.js:0
[    1057ms] [LOG] 【营销链接】linkConfigToTop [mkt-coupons, coupon-price-drop, coupon-error, coupon-price-drop-record, expandcard, shop-act-app-shadow, mkt-tools-reduce-shadow, mkt-tools-evaluate-gift-shadow] @ https://g.alicdn.com/crs-qn/qnWorkbench/0.2.31/js/index.js:0
[    1057ms] [LOG] 【营销链接】manyToOneLinkConfig {coupon-error: Object, mkt-tools-coupon: Object, coupon-price-drop: Object, coupon-price-drop-record: Object, mkt-tools-fission-coupon: Object} @ https://g.alicdn.com/crs-qn/qnWorkbench/0.2.31/js/index.js:0
[    1057ms] [LOG] microAppRoutes [Object, Object, Object, Object, Object, Object, Object, Object, Object, Object, Object, Object, Object, Object, Object, Object, Object, Object, Object, Object, Object, Object, Object, Object, Object, Object, Object, Object, Object, Object, Object, Object, Object, Object, Object, Object, Object, Object, Object, Object, Object, Object, Object, Object, Object, Object, Object, Object, Object, Object, Object, Object, Object, Object, Object, Object, Object, Object, Object, Object, Object, Object, Object, Object, Object, Object, Object, Object, Object, Object, Object, Object, Object, Object, Object, Object, Object, Object, Object, Object, Object, Object, Object, Object, Object, Object, Object, Object, Object, Object, Object, Object, Object, Object, Object, Object, Object, Object, Object, Object] @ https://g.alicdn.com/crs-qn/qnWorkbench/0.2.31/js/index.js:0
[    1059ms] [LOG] isShowQnAsk false @ https://g.alicdn.com/crs-qn/qnWorkbench/0.2.31/js/index.js:0
[    1061ms] [LOG] subMenuRenderLen 0 @ https://g.alicdn.com/crs-qn/qnWorkbench/0.2.31/js/index.js:0
[    1061ms] [LOG] subMenuRenderLen 0 @ https://g.alicdn.com/crs-qn/qnWorkbench/0.2.31/js/index.js:0
[    1063ms] [LOG] isShowQnAsk false @ https://g.alicdn.com/crs-qn/qnWorkbench/0.2.31/js/index.js:0
[    1069ms] [LOG] props {path: /home.htm/qncontent-center, appVersion: 0.0.13, hitGray: true, title: , microAppName: qncontent-center} @ https://g.alicdn.com/crs-qn/qnWorkbench/0.2.31/js/index.js:0
[    1069ms] [WARNING] [icestark] Runtime option detected but loadScriptMode not set - automatically switching to "fetch" mode @ https://g.alicdn.com/crs-qn/qnWorkbench/0.2.31/js/index.js:0
[    1070ms] [LOG] subMenuRenderLen 0 @ https://g.alicdn.com/crs-qn/qnWorkbench/0.2.31/js/index.js:0
[    1070ms] [LOG] subMenuRenderLen 0 @ https://g.alicdn.com/crs-qn/qnWorkbench/0.2.31/js/index.js:0
[    1073ms] [LOG] isShowQnAsk false @ https://g.alicdn.com/crs-qn/qnWorkbench/0.2.31/js/index.js:0
[    1078ms] [LOG] props {path: /home.htm/qncontent-center, appVersion: 0.0.13, hitGray: true, title: , microAppName: qncontent-center} @ https://g.alicdn.com/crs-qn/qnWorkbench/0.2.31/js/index.js:0
[    1078ms] [LOG] subMenuRenderLen 0 @ https://g.alicdn.com/crs-qn/qnWorkbench/0.2.31/js/index.js:0
[    1078ms] [LOG] subMenuRenderLen 0 @ https://g.alicdn.com/crs-qn/qnWorkbench/0.2.31/js/index.js:0
[    1079ms] [LOG] [FrameworkLayout] appEnter {path: /home.htm/qncontent-center, appVersion: 0.0.13, hitGray: true, title: , microAppName: qncontent-center} @ https://g.alicdn.com/crs-qn/qnWorkbench/0.2.31/js/index.js:0
[    1084ms] [LOG] isShowQnAsk false @ https://g.alicdn.com/crs-qn/qnWorkbench/0.2.31/js/index.js:0
[    1085ms] [LOG] props {path: /home.htm/qncontent-center, appVersion: 0.0.13, hitGray: true, title: , microAppName: qncontent-center} @ https://g.alicdn.com/crs-qn/qnWorkbench/0.2.31/js/index.js:0
[    1085ms] [LOG] subMenuRenderLen 0 @ https://g.alicdn.com/crs-qn/qnWorkbench/0.2.31/js/index.js:0
[    1086ms] [LOG] subMenuRenderLen 0 @ https://g.alicdn.com/crs-qn/qnWorkbench/0.2.31/js/index.js:0
[    1086ms] [LOG] isShowQnAsk false @ https://g.alicdn.com/crs-qn/qnWorkbench/0.2.31/js/index.js:0
[    1087ms] [LOG] subMenuRenderLen 0 @ https://g.alicdn.com/crs-qn/qnWorkbench/0.2.31/js/index.js:0
[    1087ms] [LOG] subMenuRenderLen 0 @ https://g.alicdn.com/crs-qn/qnWorkbench/0.2.31/js/index.js:0
[    1088ms] [LOG] No Workbench tags found @ https://g.alicdn.com/crs-qn/qnWorkbench/0.2.31/js/index.js:0
[    1090ms] [LOG] isShowQnAsk false @ https://g.alicdn.com/crs-qn/qnWorkbench/0.2.31/js/index.js:0
[    1104ms] [LOG] qnworkbench-accs accsToken AAACahfj8+xn2xaQtZrfZiVtQwoKwjPsdFa+dd3E9ZFutsdl0ccsOk1jjUJDmICFM9NtHlapuXAFS7YXFkRXNH9vTTMzRupEMvZtiq7wyZhxO1nTDRnhlsCFN3US4alaugeHqzB14w== @ https://g.alicdn.com/crs-qn/qnWorkbench/0.2.31/js/index.js:0
[    1107ms] [LOG] isShowQnAsk false @ https://g.alicdn.com/crs-qn/qnWorkbench/0.2.31/js/index.js:0
[    1109ms] [LOG] props {path: /home.htm/qncontent-center, appVersion: 0.0.13, hitGray: true, title: , microAppName: qncontent-center} @ https://g.alicdn.com/crs-qn/qnWorkbench/0.2.31/js/index.js:0
[    1109ms] [LOG] subMenuRenderLen 0 @ https://g.alicdn.com/crs-qn/qnWorkbench/0.2.31/js/index.js:0
[    1109ms] [LOG] subMenuRenderLen 0 @ https://g.alicdn.com/crs-qn/qnWorkbench/0.2.31/js/index.js:0
[    1110ms] [LOG] isShowQnAsk false @ https://g.alicdn.com/crs-qn/qnWorkbench/0.2.31/js/index.js:0
[    1111ms] [LOG] subMenuRenderLen 0 @ https://g.alicdn.com/crs-qn/qnWorkbench/0.2.31/js/index.js:0
[    1111ms] [LOG] subMenuRenderLen 0 @ https://g.alicdn.com/crs-qn/qnWorkbench/0.2.31/js/index.js:0
[    1123ms] [LOG] isShowQnAsk false @ https://g.alicdn.com/crs-qn/qnWorkbench/0.2.31/js/index.js:0
[    1124ms] [LOG] props {path: /home.htm/qncontent-center, appVersion: 0.0.13, hitGray: true, title: , microAppName: qncontent-center} @ https://g.alicdn.com/crs-qn/qnWorkbench/0.2.31/js/index.js:0
[    1124ms] [LOG] subMenuRenderLen 0 @ https://g.alicdn.com/crs-qn/qnWorkbench/0.2.31/js/index.js:0
[    1124ms] [LOG] subMenuRenderLen 0 @ https://g.alicdn.com/crs-qn/qnWorkbench/0.2.31/js/index.js:0
[    1235ms] [LOG] isShowQnAsk false @ https://g.alicdn.com/crs-qn/qnWorkbench/0.2.31/js/index.js:0
[    1235ms] [LOG] props {path: /home.htm/qncontent-center, appVersion: 0.0.13, hitGray: true, title: , microAppName: qncontent-center} @ https://g.alicdn.com/crs-qn/qnWorkbench/0.2.31/js/index.js:0
[    1236ms] [LOG] subMenuRenderLen 0 @ https://g.alicdn.com/crs-qn/qnWorkbench/0.2.31/js/index.js:0
[    1236ms] [LOG] subMenuRenderLen 0 @ https://g.alicdn.com/crs-qn/qnWorkbench/0.2.31/js/index.js:0
[    1236ms] [LOG] subMenuRenderLen 0 @ https://g.alicdn.com/crs-qn/qnWorkbench/0.2.31/js/index.js:0
[    1258ms] [LOG] qnworkbench-accs-init-connection-success, tryCount is 1 @ https://g.alicdn.com/crs-qn/qnWorkbench/0.2.31/js/index.js:0
[    1328ms] [LOG] no find './microConfig' @ https://g.alicdn.com/merchant-micro-apps/qncontent-center/0.0.13/js/main.js:0
[    1333ms] [LOG] props {path: /home.htm/qncontent-center, appVersion: 0.0.13, hitGray: true, title: , microAppName: qncontent-center} @ https://g.alicdn.com/crs-qn/qnWorkbench/0.2.31/js/index.js:0
[    1570ms] [LOG] Dynamic Script Loaded: https://g.alicdn.com/merchant-micro-mods/qn-item-selector-mod/0.0.5/js/remoteEntry.js @ https://g.alicdn.com/merchant-micro-apps/qncontent-center/0.0.13/js/main.js:0
[    1573ms] [LOG] Dynamic Script Loaded: https://g.alicdn.com/merchant-micro-mods/content-video-preview/0.0.1/js/remoteEntry.js @ https://g.alicdn.com/merchant-micro-apps/qncontent-center/0.0.13/js/main.js:0
[    1672ms] [ERROR] Failed to load resource: the server responded with a status of 404 () @ https://content-publish-open-service.taobao.com/space/getConfig?source=gg_seller_video_media_space&type=pic:0
[    2580ms] [ERROR] Failed to load resource: net::ERR_CONNECTION_CLOSED @ https://fourier.taobao.com/rp?ext=51&data=jm_xsyeIsz3yEkCAXPsr4+qW+4B&random=060334609107436266&href=https%3A%2F%2Fmyseller.taobao.com%2Fhome.htm%2Fqncontent-center%2Fedit%3FcpId%3D564774603013%26bizLine%3Dtbs_vsucai%26bizCode%3Dtb_seller_vsucai_publish%26scene%3Dunifiedpublish&protocol=https:&callback=jsonpCallback:0
[    2603ms] [LOG] Thu May 28 2026 14:43:01 GMT+0800 (中国标准时间) @ https://g.alicdn.com/AWSC/et/1.83.41/et_f.js:1
[    5292ms] [LOG] monitor 微应用【qncontent-center performance】fcp:468ms, tti:1169ms  @ https://g.alicdn.com/crs-qn/qnWorkbench/0.2.31/js/index.js:0
[    6092ms] [LOG] isShowQnAsk false @ https://g.alicdn.com/crs-qn/qnWorkbench/0.2.31/js/index.js:0
[   11091ms] [LOG] isShowQnAsk false @ https://g.alicdn.com/crs-qn/qnWorkbench/0.2.31/js/index.js:0
[   16092ms] [LOG] isShowQnAsk false @ https://g.alicdn.com/crs-qn/qnWorkbench/0.2.31/js/index.js:0
