[    3239ms] [WARNING] 内容中心埋点： /guanghe.home_new_headerAction.exp {userInfo: {"userIdStr":"qRFsaQiC4ULYODWpgBHI8Q==","accountCa…ue,"lifeOnBoardRoleList":[],"lifeGrayUser":false}, g_userInfo: "{&quot;userIdStr&quot;:&quot;qRFsaQiC4ULYODWpgBHI…oleList&quot;:[],&quot;lifeGrayUser&quot;:false}", GH_UserInfo: {"userIdStr":"qRFsaQiC4ULYODWpgBHI8Q==","accountCa…ue,"lifeOnBoardRoleList":[],"lifeGrayUser":false}} @ https://g.alicdn.com/mtb-guang/guanghe-creator/4.0.62/js/main.js:0
[    3241ms] [LOG] ====== routeChange ====== /pubNew/video [] @ https://g.alicdn.com/mtb-guang/guanghe-creator/4.0.62/js/main.js:0
[    3248ms] [WARNING] Mixed Content: The page at 'https://creator.guanghe.taobao.com/page/pubNew/video?pub_url=https%3A%2F%2Fhuodong.taobao.com%2Fwow%2Fz%2Fguang%2Fgg_publish%2Fgg-video%3Fugc_scene%3Dpc_newcreator_video%26pageType%3Dvideo%26site%3Dguangguang&pub_scene=gg' was loaded over HTTPS, but requested an insecure element 'http://img.alicdn.com/sns_logo/TB1l36ddqAoBKNjSZSySuuHAVXa.jpg'. This request was automatically upgraded to HTTPS, For more information see https://blog.chromium.org/2019/10/no-more-mixed-messages-about-https.html @ https://creator.guanghe.taobao.com/page/pubNew/video?pub_url=https%3A%2F%2Fhuodong.taobao.com%2Fwow%2Fz%2Fguang%2Fgg_publish%2Fgg-video%3Fugc_scene%3Dpc_newcreator_video%26pageType%3Dvideo%26site%3Dguangguang&pub_scene=gg:130
[    3248ms] [LOG] [32m[1m✅ 4994840936
1779949829307[0m @ https://g.alicdn.com/mtb-guang/guanghe-creator/4.0.62/js/main.js:0
[    3248ms] [LOG] [35m[1m🐛 ==========初始化id设置：4994840936[0m @ https://g.alicdn.com/mtb-guang/guanghe-creator/4.0.62/js/main.js:0
[    3253ms] [LOG] [36m[1m💧 水印创建成功[0m @ https://g.alicdn.com/mtb-guang/guanghe-creator/4.0.62/js/main.js:0
[    3269ms] [LOG] %c [APLUS] -- APLUS INIT SUCCESS background:#3B82FE; padding: 4px; padding-right: 8px; border-radius: 4px; color: #fff; @ https://g.alicdn.com/mtb-guang/guanghe-creator/4.0.62/js/main.js:0
[    3274ms] [WARNING] 内容中心埋点： /guanghe.home_new_sidebar.inspiration_202311_exp {version: 1} @ https://g.alicdn.com/mtb-guang/guanghe-creator/4.0.62/js/main.js:0
[    3274ms] [WARNING] 内容中心埋点： /guanghe.home_new_sidebar.create_202311_exp {version: 1} @ https://g.alicdn.com/mtb-guang/guanghe-creator/4.0.62/js/main.js:0
[    3274ms] [WARNING] 内容中心埋点： /guanghe.home_new_sidebar.collaborate_202311_exp {version: 1} @ https://g.alicdn.com/mtb-guang/guanghe-creator/4.0.62/js/main.js:0
[    3274ms] [WARNING] 内容中心埋点： /guanghe.home_new_sidebar.manage_202311_exp {version: 1} @ https://g.alicdn.com/mtb-guang/guanghe-creator/4.0.62/js/main.js:0
[    3274ms] [WARNING] 内容中心埋点： /guanghe.home_new_sidebar.data_seller202310_menu_exp {version: 1} @ https://g.alicdn.com/mtb-guang/guanghe-creator/4.0.62/js/main.js:0
[    3274ms] [WARNING] 内容中心埋点： /guanghe.home_new_sidebar.college_202311_exp {version: 1} @ https://g.alicdn.com/mtb-guang/guanghe-creator/4.0.62/js/main.js:0
[    3274ms] [WARNING] 内容中心埋点： /guanghe.home_new_sidebar.account_202311_exp {version: 1} @ https://g.alicdn.com/mtb-guang/guanghe-creator/4.0.62/js/main.js:0
[    3291ms] [LOG] Thu May 28 2026 15:30:29 GMT+0900 (日本标准时间) @ https://g.alicdn.com/AWSC/et/1.83.41/et_f.js:1
[    3291ms] [ERROR] Failed to load resource: net::ERR_CONNECTION_CLOSED @ https://fourier.taobao.com/rp?ext=51&data=jm_xsyeIsz3yEkCAXPsr4+qW+4B&random=023298779158761107&href=https%3A%2F%2Fcreator.guanghe.taobao.com%2Fpage%2FpubNew%2Fvideo%3Fpub_url%3Dhttps%253A%252F%252Fhuodong.taobao.com%252Fwow%252Fz%252Fguang%252Fgg_publish%252Fgg-video%253Fugc_scene%253Dpc_newcreator_video%2526pageType%253Dvideo%2526site%253Dguangguang%26pub_scene%3Dgg&protocol=https:&callback=jsonpCallback:0
[    3306ms] [WARNING] 内容中心埋点： /guanghe.home_new_sidebar.home_202311_exp {version: 1} @ https://g.alicdn.com/mtb-guang/guanghe-creator/4.0.62/js/main.js:0
[    3343ms] [LOG] ====== customConfigChange ====== {content: Object, version: 0.0.4, hitGray: false} @ https://g.alicdn.com/mtb-guang/guanghe-creator/4.0.62/js/main.js:0
[    3365ms] [WARNING] It is recommended that a robustness level be specified. Not specifying the robustness level could result in unexpected behavior. @ https://g.alicdn.com/AWSC/fireyejs/1.234.24/fireyejs.js:0
[    3418ms] [LOG] %c [APLUS] -- APLUS INIT SUCCESS background:#3B82FE; padding: 4px; padding-right: 8px; border-radius: 4px; color: #fff; @ :1
[    3422ms] [WARNING] Can not find meta element. @ https://g.alicdn.com/mtb-guang/guanghe-creator/4.0.62/js/main.js:0
[    3555ms] [LOG] 版本 1.5.6 @ https://huodong.taobao.com/wow/z/guang/gg_publish/gg-video?ugc_scene=pc_newcreator_video&pageType=video&site=guangguang:850
[    3698ms] [INFO] registerServiceWorker success: @ https://g.alicdn.com/??rax-pkg/object-assign/4.1.2/index.js,code/npm/@ali/pnpm-react/16.14.0/index.js,code/npm/@ali/pnpm-react-dom/16.14.0/index.js,code/npm/@ali/pnpm-publish-content-utils/2.0.4/index.js,code/npm/@ali/pnpm-uni--env/1.0.6/index.js,rax-pkg/universal-env/3.3.3/index.js,code/npm/@ali/universal-mtop/6.5.9/index.js,code/npm/@ali/pnpm-publish-next/1.0.8/index.js,code/npm/@ali/universal-user/9.1.0/index.js,code/npm/@ali/multimod-publish-content__app/1.5.6/index.js,code/npm/@ali/multimod-publish-content__config/1.5.6/index-pc.js,code/npm/@ali/multimod-publish-content__video-upload-v2/1.5.6/index-pc.js,code/npm/@ali/multimod-publish-content__tip/1.5.6/index-pc.js,code/npm/@ali/multimod-publish-content__cover-v2/1.5.6/index-pc.js,code/npm/@ali/multimod-publish-content__compliant-result/1.5.6/index-pc.js,code/npm/@ali/pnpm-react/18.2.0/6a96e9f5.js,code/npm/@ali/pnpm-react/18.2.0/index.js,code/npm/@ali/alimod-publish-guanghe__video-show/0.0.3/index-pc.js,code/npm/@ali/multimod-publish-content__title-input/1.5.6/index-pc.js,code/npm/@ali/multimod-publish-content__rich-text-v2/1.5.6/index-pc.js,code/npm/@ali/multimod-publish-content__topic-v2/1.5.6/index-pc.js,code/npm/@ali/multimod-publish-content__music-recommend/1.5.6/index-pc.js,code/npm/@ali/multimod-publish-content__item-v2/1.5.6/index-pc.js,code/npm/@ali/multimod-publish-content__collaborator/1.5.6/index-pc.js,code/npm/@ali/multimod-publish-content__collection/1.5.6/index-pc.js,code/npm/@ali/multimod-publish-content__publish-button/1.5.6/index-pc.js:38
[    3752ms] [ERROR] Failed to load resource: net::ERR_CONNECTION_CLOSED @ https://fourier.taobao.com/rp?ext=51&data=jm_xsyeIsz3yEkCAXPsr4+qW+4B&random=8844451535365297&href=https%3A%2F%2Fhuodong.taobao.com%2Fwow%2Fz%2Fguang%2Fgg_publish%2Fgg-video%3Fugc_scene%3Dpc_newcreator_video%26pageType%3Dvideo%26site%3Dguangguang&protocol=https:&callback=jsonpCallback:0
[    3767ms] [LOG] Thu May 28 2026 15:30:29 GMT+0900 (日本标准时间) @ https://g.alicdn.com/AWSC/et/1.83.41/et_f.js:1
[    3817ms] [INFO] registerServiceWorker success: @ https://g.alicdn.com/??rax-pkg/object-assign/4.1.2/index.js,code/npm/@ali/pnpm-react/16.14.0/index.js,code/npm/@ali/pnpm-react-dom/16.14.0/index.js,code/npm/@ali/pnpm-publish-content-utils/2.0.4/index.js,code/npm/@ali/pnpm-uni--env/1.0.6/index.js,rax-pkg/universal-env/3.3.3/index.js,code/npm/@ali/universal-mtop/6.5.9/index.js,code/npm/@ali/pnpm-publish-next/1.0.8/index.js,code/npm/@ali/universal-user/9.1.0/index.js,code/npm/@ali/multimod-publish-content__app/1.5.6/index.js,code/npm/@ali/multimod-publish-content__config/1.5.6/index-pc.js,code/npm/@ali/multimod-publish-content__video-upload-v2/1.5.6/index-pc.js,code/npm/@ali/multimod-publish-content__tip/1.5.6/index-pc.js,code/npm/@ali/multimod-publish-content__cover-v2/1.5.6/index-pc.js,code/npm/@ali/multimod-publish-content__compliant-result/1.5.6/index-pc.js,code/npm/@ali/pnpm-react/18.2.0/6a96e9f5.js,code/npm/@ali/pnpm-react/18.2.0/index.js,code/npm/@ali/alimod-publish-guanghe__video-show/0.0.3/index-pc.js,code/npm/@ali/multimod-publish-content__title-input/1.5.6/index-pc.js,code/npm/@ali/multimod-publish-content__rich-text-v2/1.5.6/index-pc.js,code/npm/@ali/multimod-publish-content__topic-v2/1.5.6/index-pc.js,code/npm/@ali/multimod-publish-content__music-recommend/1.5.6/index-pc.js,code/npm/@ali/multimod-publish-content__item-v2/1.5.6/index-pc.js,code/npm/@ali/multimod-publish-content__collaborator/1.5.6/index-pc.js,code/npm/@ali/multimod-publish-content__collection/1.5.6/index-pc.js,code/npm/@ali/multimod-publish-content__publish-button/1.5.6/index-pc.js:38
[    3893ms] [WARNING] 内容中心埋点： /guanghe.home.message-newest-exposure EXP {message_id: 46376938188, uniqueId: tp10256_3894448398_20260524_3894448398, notice_type: 4, role: creator} @ https://g.alicdn.com/mtb-guang/guanghe-creator/4.0.62/js/main.js:0
[    4136ms] [ERROR] Failed to load resource: net::ERR_CONNECTION_CLOSED @ https://fourier.taobao.com/rp?ext=51&data=jm_xsyeIsz3yEkCAXPsr4+qW+4B&random=3686266035003126&href=https%3A%2F%2Fcreator.guanghe.taobao.com%2Fpage%2FpubNew%2Fvideo%3Fpub_url%3Dhttps%253A%252F%252Fhuodong.taobao.com%252Fwow%252Fz%252Fguang%252Fgg_publish%252Fgg-video%253Fugc_scene%253Dpc_newcreator_video%2526pageType%253Dvideo%2526site%253Dguangguang%26pub_scene%3Dgg&protocol=https:&callback=jsonpCallback:0
[    5054ms] [INFO] %c%s%c%s%c%s%c%s color:#b1b1b1;margin-right:8px;margin-left: 10px 15:30:31 background-color:#1890ff;color:black;display:inline-block;border-radius:4px;padding-left:4px;padding-right:4px;margin-right:8px; INF background-color:#6cfdf3;color:black;display:inline-block;border-radius:4px;padding-left:4px;padding-right:4px;margin-right:8px; scenario-widget color:#b1b1b1; [SW] VERSION:1.7.51 ENV:undefined {} @ https://g.alicdn.com/service-hall/scenario-widget/1.7.51/index.js:13
[    5249ms] [INFO] 未获取到缓存信息，使用默认配置 @ https://g.alicdn.com/service-hall/scenario-widget/1.7.51/index.js:42
[    5313ms] [INFO] %c%s%c%s%c%s%c%s color:#b1b1b1;margin-right:8px;margin-left: 10px 15:30:31 background-color:#1890ff;color:black;display:inline-block;border-radius:4px;padding-left:4px;padding-right:4px;margin-right:8px; INF background-color:#6cfdf3;color:black;display:inline-block;border-radius:4px;padding-left:4px;padding-right:4px;margin-right:8px; message-queue color:#b1b1b1; IMQConfigService.getConfig {args: Array(1), ret: Object} @ https://g.alicdn.com/service-hall/scenario-widget/1.7.51/index.js:13
[    5598ms] [INFO] %c%s%c%s%c%s%c%s color:#b1b1b1;margin-right:8px;margin-left: 10px 15:30:31 background-color:#1890ff;color:black;display:inline-block;border-radius:4px;padding-left:4px;padding-right:4px;margin-right:8px; INF background-color:#6cfdf3;color:black;display:inline-block;border-radius:4px;padding-left:4px;padding-right:4px;margin-right:8px; message-queue color:#b1b1b1; AccsInstance.send {0: service_hall_action, 1: Object} @ https://g.alicdn.com/service-hall/scenario-widget/1.7.51/index.js:13
[    5658ms] [INFO] %c%s%c%s%c%s%c%s color:#b1b1b1;margin-right:8px;margin-left: 10px 15:30:31 background-color:#1890ff;color:black;display:inline-block;border-radius:4px;padding-left:4px;padding-right:4px;margin-right:8px; INF background-color:#6cfdf3;color:black;display:inline-block;border-radius:4px;padding-left:4px;padding-right:4px;margin-right:8px; message-queue color:#b1b1b1; AccsInstance.send {0: service_hall_action, 1: t} @ https://g.alicdn.com/service-hall/scenario-widget/1.7.51/index.js:13
[    7131ms] [WARNING] xxxx-page:/page/pubNew/video - tti:1203 @ https://g.alicdn.com/mtb-guang/guanghe-creator/4.0.62/js/main.js:0
[    7469ms] [WARNING] 内容中心埋点： /guanghe.home.message-newest-exposure EXP {message_id: 46316599406, uniqueId: comment_566342065984, notice_type: 2, role: creator} @ https://g.alicdn.com/mtb-guang/guanghe-creator/4.0.62/js/main.js:0
[   10461ms] [WARNING] 内容中心埋点： /guanghe.home.message-newest-exposure EXP {message_id: 46207862772, uniqueId: collect_2443840480_518753372376, notice_type: 1, role: creator} @ https://g.alicdn.com/mtb-guang/guanghe-creator/4.0.62/js/main.js:0
[   13460ms] [WARNING] 内容中心埋点： /guanghe.home.message-newest-exposure EXP {message_id: 46215014625, uniqueId: FOLLOW_3894448398_2680233055, notice_type: 3, role: creator} @ https://g.alicdn.com/mtb-guang/guanghe-creator/4.0.62/js/main.js:0
[   16460ms] [WARNING] 内容中心埋点： /guanghe.home.message-newest-exposure EXP {message_id: 46376938188, uniqueId: tp10256_3894448398_20260524_3894448398, notice_type: 4, role: creator} @ https://g.alicdn.com/mtb-guang/guanghe-creator/4.0.62/js/main.js:0
[  678855ms] [WARNING] 内容中心埋点： /guanghe.home_new_sidebar.create_202311_click {} @ https://g.alicdn.com/mtb-guang/guanghe-creator/4.0.62/js/main.js:0
[  678992ms] [WARNING] 内容中心埋点： /guanghe.home_new_sidebar.create_tool_202311_exp {version: 1} @ https://g.alicdn.com/mtb-guang/guanghe-creator/4.0.62/js/main.js:0
[  679639ms] [WARNING] 内容中心埋点： /guanghe.home_new_sidebar.create_202311_click {} @ https://g.alicdn.com/mtb-guang/guanghe-creator/4.0.62/js/main.js:0
[  680224ms] [WARNING] 内容中心埋点： /guanghe.home_new_sidebar.collaborate_202311_click {} @ https://g.alicdn.com/mtb-guang/guanghe-creator/4.0.62/js/main.js:0
[  680270ms] [WARNING] 内容中心埋点： /guanghe.home_new_sidebar.collaborate_buyer_202311_exp {version: 1} @ https://g.alicdn.com/mtb-guang/guanghe-creator/4.0.62/js/main.js:0
[  680329ms] [WARNING] 内容中心埋点： /guanghe.home_new_sidebar.collaborate_trial_202311_exp {version: 1} @ https://g.alicdn.com/mtb-guang/guanghe-creator/4.0.62/js/main.js:0
[  680387ms] [WARNING] 内容中心埋点： /guanghe.home_new_sidebar.collaborate_commission_202311_exp {version: 1} @ https://g.alicdn.com/mtb-guang/guanghe-creator/4.0.62/js/main.js:0
[  680462ms] [WARNING] 内容中心埋点： /guanghe.home_new_sidebar.collaborate_order_202311_exp {version: 1} @ https://g.alicdn.com/mtb-guang/guanghe-creator/4.0.62/js/main.js:0
[  681237ms] [WARNING] 内容中心埋点： /guanghe.home_new_sidebar.collaborate_202311_click {} @ https://g.alicdn.com/mtb-guang/guanghe-creator/4.0.62/js/main.js:0
[  681862ms] [WARNING] 内容中心埋点： /guanghe.home_new_sidebar.manage_202311_click {} @ https://g.alicdn.com/mtb-guang/guanghe-creator/4.0.62/js/main.js:0
[  681916ms] [WARNING] 内容中心埋点： /guanghe.home_new_sidebar.manage_list_202311_exp {version: 1} @ https://g.alicdn.com/mtb-guang/guanghe-creator/4.0.62/js/main.js:0
[  681991ms] [WARNING] 内容中心埋点： /guanghe.home_new_sidebar.Cllection_Management_menu_show {version: 1} @ https://g.alicdn.com/mtb-guang/guanghe-creator/4.0.62/js/main.js:0
[  682083ms] [WARNING] 内容中心埋点： /guangzijs.28665363.contentmanagement_gzjs_menubar_exp {version: 1} @ https://g.alicdn.com/mtb-guang/guanghe-creator/4.0.62/js/main.js:0
[  682495ms] [WARNING] 内容中心埋点： /guanghe.home_new_sidebar.manage_list_202311_click {version: 1, type: 1} @ https://g.alicdn.com/mtb-guang/guanghe-creator/4.0.62/js/main.js:0
[  682503ms] [LOG] ====== routeChange ====== /workspace/tb [] @ https://g.alicdn.com/mtb-guang/guanghe-creator/4.0.62/js/main.js:0
[  682509ms] [LOG] [32m[1m✅ 4994840936
1779950508569[0m @ https://g.alicdn.com/mtb-guang/guanghe-creator/4.0.62/js/main.js:0
[  682610ms] [WARNING] Can not find meta element. @ https://g.alicdn.com/mtb-guang/guanghe-creator/4.0.62/js/main.js:0
[  682697ms] [LOG] Dynamic Script Loaded: https://g.alicdn.com/merchant-micro-mods/guanghe-workspace/0.0.135/js/remoteEntry.js @ https://g.alicdn.com/mtb-guang/guanghe-creator/4.0.62/js/main.js:0
[  682766ms] [INFO] %c%s%c%s%c%s%c%s color:#b1b1b1;margin-right:8px;margin-left: 10px 14:41:48 background-color:#1890ff;color:black;display:inline-block;border-radius:4px;padding-left:4px;padding-right:4px;margin-right:8px; INF background-color:#6cfdf3;color:black;display:inline-block;border-radius:4px;padding-left:4px;padding-right:4px;margin-right:8px; scenario-widget color:#b1b1b1; [SW] VERSION:1.7.51 ENV:undefined {} @ https://g.alicdn.com/service-hall/scenario-widget/1.7.51/index.js:13
[  683105ms] [INFO] 未获取到缓存信息，使用默认配置 @ https://g.alicdn.com/service-hall/scenario-widget/1.7.51/index.js:42
[  683107ms] [INFO] %c%s%c%s%c%s%c%s color:#b1b1b1;margin-right:8px;margin-left: 10px 14:41:49 background-color:#1890ff;color:black;display:inline-block;border-radius:4px;padding-left:4px;padding-right:4px;margin-right:8px; INF background-color:#6cfdf3;color:black;display:inline-block;border-radius:4px;padding-left:4px;padding-right:4px;margin-right:8px; message-queue color:#b1b1b1; AccsInstance.send {0: service_hall_action, 1: Object} @ https://g.alicdn.com/service-hall/scenario-widget/1.7.51/index.js:13
[  683308ms] [INFO] %c%s%c%s%c%s%c%s color:#b1b1b1;margin-right:8px;margin-left: 10px 14:41:49 background-color:#1890ff;color:black;display:inline-block;border-radius:4px;padding-left:4px;padding-right:4px;margin-right:8px; INF background-color:#6cfdf3;color:black;display:inline-block;border-radius:4px;padding-left:4px;padding-right:4px;margin-right:8px; message-queue color:#b1b1b1; AccsInstance.send {0: service_hall_action, 1: t} @ https://g.alicdn.com/service-hall/scenario-widget/1.7.51/index.js:13
[  684210ms] [WARNING] 页面埋点： /guanghe.Page_MyContent.HotScoreTag-Exp EXP {contentId: 564774603013, user_identity: 0} @ https://g.alicdn.com/merchant-micro-mods/guanghe-workspace/0.0.135/js/98.de2302f7.chunk.js:0
[  684210ms] [WARNING] 页面埋点： /guanghe.Page_MyContent.Show-ContentCard EXP {content_id: 373786325766, user_identity: 0} @ https://g.alicdn.com/merchant-micro-mods/guanghe-workspace/0.0.135/js/98.de2302f7.chunk.js:0
[  684211ms] [WARNING] 页面埋点： /guanghe.page_mycontent.gzjs_exp EXP {traceInfo: +creator_contentmanagement+125+1500381+plan+5+000000+0} @ https://g.alicdn.com/merchant-micro-mods/guanghe-workspace/0.0.135/js/98.de2302f7.chunk.js:0
[  684211ms] [WARNING] 页面埋点： /guanghe.Page_MyContent.Show-ContentCard EXP {content_id: 377221692344, user_identity: 0} @ https://g.alicdn.com/merchant-micro-mods/guanghe-workspace/0.0.135/js/98.de2302f7.chunk.js:0
[  684211ms] [WARNING] 页面埋点： /guanghe.page_mycontent.gzjs_exp EXP {traceInfo: +creator_contentmanagement+125+1500381+plan+5+000000+0} @ https://g.alicdn.com/merchant-micro-mods/guanghe-workspace/0.0.135/js/98.de2302f7.chunk.js:0
[  684211ms] [WARNING] 页面埋点： /guanghe.Page_MyContent.Show-ContentCard EXP {content_id: 564774603013, user_identity: 0} @ https://g.alicdn.com/merchant-micro-mods/guanghe-workspace/0.0.135/js/98.de2302f7.chunk.js:0
[  684211ms] [WARNING] 页面埋点： /guanghe.page_mycontent.gzjs_exp EXP {traceInfo: +creator_contentmanagement+125+1500381+plan+5+000000+0} @ https://g.alicdn.com/merchant-micro-mods/guanghe-workspace/0.0.135/js/98.de2302f7.chunk.js:0
[  687200ms] [WARNING] xxxx-page:/page/workspace/tb - tti:1696 @ https://g.alicdn.com/mtb-guang/guanghe-creator/4.0.62/js/main.js:0
[  688299ms] [WARNING] 页面埋点： /guanghe.Page_MyContent.Show-ContentCard EXP {content_id: 565236424727, user_identity: 0} @ https://g.alicdn.com/merchant-micro-mods/guanghe-workspace/0.0.135/js/98.de2302f7.chunk.js:0
[  688316ms] [WARNING] 页面埋点： /guanghe.page_mycontent.gzjs_exp EXP {traceInfo: +creator_contentmanagement+125+1500381+plan+5+000000+0} @ https://g.alicdn.com/merchant-micro-mods/guanghe-workspace/0.0.135/js/98.de2302f7.chunk.js:0
[  688434ms] [WARNING] 页面埋点： /guanghe.Page_MyContent.HotScoreTag-Exp EXP {contentId: 565236424727, user_identity: 0} @ https://g.alicdn.com/merchant-micro-mods/guanghe-workspace/0.0.135/js/98.de2302f7.chunk.js:0
[  698932ms] [WARNING] 页面埋点： /guanghe.Page_MyContent.Show-ContentCard EXP {content_id: 546419028201, user_identity: 0} @ https://g.alicdn.com/merchant-micro-mods/guanghe-workspace/0.0.135/js/98.de2302f7.chunk.js:0
[  698949ms] [WARNING] 页面埋点： /guanghe.page_mycontent.gzjs_exp EXP {traceInfo: +creator_contentmanagement+125+1500381+plan+5+000000+0} @ https://g.alicdn.com/merchant-micro-mods/guanghe-workspace/0.0.135/js/98.de2302f7.chunk.js:0
[  699032ms] [WARNING] 页面埋点： /guanghe.Page_MyContent.Show-ContentCard EXP {content_id: 546257802320, user_identity: 0} @ https://g.alicdn.com/merchant-micro-mods/guanghe-workspace/0.0.135/js/98.de2302f7.chunk.js:0
[  699041ms] [WARNING] 页面埋点： /guanghe.page_mycontent.gzjs_exp EXP {traceInfo: +creator_contentmanagement+125+1500381+plan+5+000000+0} @ https://g.alicdn.com/merchant-micro-mods/guanghe-workspace/0.0.135/js/98.de2302f7.chunk.js:0
[  699124ms] [WARNING] 页面埋点： /guanghe.Page_MyContent.Show-ContentCard EXP {content_id: 544007317789, user_identity: 0} @ https://g.alicdn.com/merchant-micro-mods/guanghe-workspace/0.0.135/js/98.de2302f7.chunk.js:0
[  699133ms] [WARNING] 页面埋点： /guanghe.page_mycontent.gzjs_exp EXP {traceInfo: +creator_contentmanagement+125+1500381+plan+5+000000+0} @ https://g.alicdn.com/merchant-micro-mods/guanghe-workspace/0.0.135/js/98.de2302f7.chunk.js:0
[  710421ms] [WARNING] 页面埋点： /guanghe.Page_MyContent.Show-ContentCard EXP {content_id: 543992546755, user_identity: 0} @ https://g.alicdn.com/merchant-micro-mods/guanghe-workspace/0.0.135/js/98.de2302f7.chunk.js:0
[  710429ms] [WARNING] 页面埋点： /guanghe.page_mycontent.gzjs_exp EXP {traceInfo: +creator_contentmanagement+125+1500381+plan+5+000000+0} @ https://g.alicdn.com/merchant-micro-mods/guanghe-workspace/0.0.135/js/98.de2302f7.chunk.js:0
[  710488ms] [WARNING] 页面埋点： /guanghe.Page_MyContent.Show-ContentCard EXP {content_id: 541144099878, user_identity: 0} @ https://g.alicdn.com/merchant-micro-mods/guanghe-workspace/0.0.135/js/98.de2302f7.chunk.js:0
[  710495ms] [WARNING] 页面埋点： /guanghe.page_mycontent.gzjs_exp EXP {traceInfo: +creator_contentmanagement+125+1500381+plan+5+000000+0} @ https://g.alicdn.com/merchant-micro-mods/guanghe-workspace/0.0.135/js/98.de2302f7.chunk.js:0
[  710546ms] [WARNING] 页面埋点： /guanghe.Page_MyContent.Show-ContentCard EXP {content_id: 541234942684, user_identity: 0} @ https://g.alicdn.com/merchant-micro-mods/guanghe-workspace/0.0.135/js/98.de2302f7.chunk.js:0
[  710555ms] [WARNING] 页面埋点： /guanghe.page_mycontent.gzjs_exp EXP {traceInfo: +creator_contentmanagement+125+1500381+plan+5+000000+0} @ https://g.alicdn.com/merchant-micro-mods/guanghe-workspace/0.0.135/js/98.de2302f7.chunk.js:0
[  711596ms] [WARNING] 页面埋点： /guanghe.Page_MyContent.Show-ContentCard EXP {content_id: 541352200534, user_identity: 0} @ https://g.alicdn.com/merchant-micro-mods/guanghe-workspace/0.0.135/js/98.de2302f7.chunk.js:0
[  711604ms] [WARNING] 页面埋点： /guanghe.page_mycontent.gzjs_exp EXP {traceInfo: +creator_contentmanagement+125+1500381+plan+5+000000+0} @ https://g.alicdn.com/merchant-micro-mods/guanghe-workspace/0.0.135/js/98.de2302f7.chunk.js:0
[  711645ms] [WARNING] 页面埋点： /guanghe.Page_MyContent.Show-ContentCard EXP {content_id: 541351848004, user_identity: 0} @ https://g.alicdn.com/merchant-micro-mods/guanghe-workspace/0.0.135/js/98.de2302f7.chunk.js:0
[  711646ms] [WARNING] 页面埋点： /guanghe.page_mycontent.gzjs_exp EXP {traceInfo: +creator_contentmanagement+125+1500381+plan+5+000000+0} @ https://g.alicdn.com/merchant-micro-mods/guanghe-workspace/0.0.135/js/98.de2302f7.chunk.js:0
[  711679ms] [WARNING] 页面埋点： /guanghe.Page_MyContent.Show-ContentCard EXP {content_id: 541224929604, user_identity: 0} @ https://g.alicdn.com/merchant-micro-mods/guanghe-workspace/0.0.135/js/98.de2302f7.chunk.js:0
[  711680ms] [WARNING] 页面埋点： /guanghe.page_mycontent.gzjs_exp EXP {traceInfo: +creator_contentmanagement+125+1500381+plan+5+000000+0} @ https://g.alicdn.com/merchant-micro-mods/guanghe-workspace/0.0.135/js/98.de2302f7.chunk.js:0
[  711712ms] [WARNING] 页面埋点： /guanghe.Page_MyContent.Show-ContentCard EXP {content_id: 541230130756, user_identity: 0} @ https://g.alicdn.com/merchant-micro-mods/guanghe-workspace/0.0.135/js/98.de2302f7.chunk.js:0
[  711720ms] [WARNING] 页面埋点： /guanghe.page_mycontent.gzjs_exp EXP {traceInfo: +creator_contentmanagement+125+1500381+plan+5+000000+0} @ https://g.alicdn.com/merchant-micro-mods/guanghe-workspace/0.0.135/js/98.de2302f7.chunk.js:0
[  711754ms] [WARNING] 页面埋点： /guanghe.Page_MyContent.Show-ContentCard EXP {content_id: 541138151437, user_identity: 0} @ https://g.alicdn.com/merchant-micro-mods/guanghe-workspace/0.0.135/js/98.de2302f7.chunk.js:0
[  711755ms] [WARNING] 页面埋点： /guanghe.page_mycontent.gzjs_exp EXP {traceInfo: +creator_contentmanagement+125+1500381+plan+5+000000+0} @ https://g.alicdn.com/merchant-micro-mods/guanghe-workspace/0.0.135/js/98.de2302f7.chunk.js:0
[  712471ms] [WARNING] 页面埋点： /guanghe.Page_MyContent.Show-ContentCard EXP {content_id: 541350256395, user_identity: 0} @ https://g.alicdn.com/merchant-micro-mods/guanghe-workspace/0.0.135/js/98.de2302f7.chunk.js:0
[  712472ms] [WARNING] 页面埋点： /guanghe.page_mycontent.gzjs_exp EXP {traceInfo: +creator_contentmanagement+125+1500381+plan+5+000000+0} @ https://g.alicdn.com/merchant-micro-mods/guanghe-workspace/0.0.135/js/98.de2302f7.chunk.js:0
[  712504ms] [WARNING] 页面埋点： /guanghe.Page_MyContent.Show-ContentCard EXP {content_id: 541228870373, user_identity: 0} @ https://g.alicdn.com/merchant-micro-mods/guanghe-workspace/0.0.135/js/98.de2302f7.chunk.js:0
[  712512ms] [WARNING] 页面埋点： /guanghe.page_mycontent.gzjs_exp EXP {traceInfo: +creator_contentmanagement+125+1500381+plan+5+000000+0} @ https://g.alicdn.com/merchant-micro-mods/guanghe-workspace/0.0.135/js/98.de2302f7.chunk.js:0
[  712529ms] [WARNING] 页面埋点： /guanghe.Page_MyContent.Show-ContentCard EXP {content_id: 541102282879, user_identity: 0} @ https://g.alicdn.com/merchant-micro-mods/guanghe-workspace/0.0.135/js/98.de2302f7.chunk.js:0
[  712529ms] [WARNING] 页面埋点： /guanghe.page_mycontent.gzjs_exp EXP {traceInfo: +creator_contentmanagement+125+1500381+plan+5+000000+0} @ https://g.alicdn.com/merchant-micro-mods/guanghe-workspace/0.0.135/js/98.de2302f7.chunk.js:0
[  712546ms] [WARNING] 页面埋点： /guanghe.Page_MyContent.Show-ContentCard EXP {content_id: 541223788170, user_identity: 0} @ https://g.alicdn.com/merchant-micro-mods/guanghe-workspace/0.0.135/js/98.de2302f7.chunk.js:0
[  712546ms] [WARNING] 页面埋点： /guanghe.page_mycontent.gzjs_exp EXP {traceInfo: +creator_contentmanagement+125+1500381+plan+5+000000+0} @ https://g.alicdn.com/merchant-micro-mods/guanghe-workspace/0.0.135/js/98.de2302f7.chunk.js:0
[  712562ms] [WARNING] 页面埋点： /guanghe.Page_MyContent.Show-ContentCard EXP {content_id: 541102562108, user_identity: 0} @ https://g.alicdn.com/merchant-micro-mods/guanghe-workspace/0.0.135/js/98.de2302f7.chunk.js:0
[  712563ms] [WARNING] 页面埋点： /guanghe.page_mycontent.gzjs_exp EXP {traceInfo: +creator_contentmanagement+125+1500381+plan+5+000000+0} @ https://g.alicdn.com/merchant-micro-mods/guanghe-workspace/0.0.135/js/98.de2302f7.chunk.js:0
[  718225ms] [WARNING] 页面埋点： /guanghe.Page_MyContent.Button-ContentFilterTime CLK {user_identity: 0} @ https://g.alicdn.com/merchant-micro-mods/guanghe-workspace/0.0.135/js/98.de2302f7.chunk.js:0
[  724064ms] [WARNING] 页面埋点： /guanghe.Page_MyContent.Button-SearchButton CLK {user_identity: 0} @ https://g.alicdn.com/merchant-micro-mods/guanghe-workspace/0.0.135/js/98.de2302f7.chunk.js:0
[  724140ms] [WARNING] 页面埋点： /guanghe.Page_MyContent.Show-ContentCard EXP {content_id: 373786325766, user_identity: 0} @ https://g.alicdn.com/merchant-micro-mods/guanghe-workspace/0.0.135/js/98.de2302f7.chunk.js:0
[  724141ms] [WARNING] 页面埋点： /guanghe.page_mycontent.gzjs_exp EXP {traceInfo: +creator_contentmanagement+125+1500381+plan+5+000000+0} @ https://g.alicdn.com/merchant-micro-mods/guanghe-workspace/0.0.135/js/98.de2302f7.chunk.js:0
[  724141ms] [WARNING] 页面埋点： /guanghe.Page_MyContent.Show-ContentCard EXP {content_id: 377221692344, user_identity: 0} @ https://g.alicdn.com/merchant-micro-mods/guanghe-workspace/0.0.135/js/98.de2302f7.chunk.js:0
[  724141ms] [WARNING] 页面埋点： /guanghe.page_mycontent.gzjs_exp EXP {traceInfo: +creator_contentmanagement+125+1500381+plan+5+000000+0} @ https://g.alicdn.com/merchant-micro-mods/guanghe-workspace/0.0.135/js/98.de2302f7.chunk.js:0
[  724141ms] [WARNING] 页面埋点： /guanghe.Page_MyContent.Show-ContentCard EXP {content_id: 564774603013, user_identity: 0} @ https://g.alicdn.com/merchant-micro-mods/guanghe-workspace/0.0.135/js/98.de2302f7.chunk.js:0
[  724141ms] [WARNING] 页面埋点： /guanghe.page_mycontent.gzjs_exp EXP {traceInfo: +creator_contentmanagement+125+1500381+plan+5+000000+0} @ https://g.alicdn.com/merchant-micro-mods/guanghe-workspace/0.0.135/js/98.de2302f7.chunk.js:0
[  724400ms] [WARNING] 页面埋点： /guanghe.Page_MyContent.Show-ContentCard EXP {content_id: 564774603013, user_identity: 0} @ https://g.alicdn.com/merchant-micro-mods/guanghe-workspace/0.0.135/js/98.de2302f7.chunk.js:0
[  724401ms] [WARNING] 页面埋点： /guanghe.page_mycontent.gzjs_exp EXP {traceInfo: +creator_contentmanagement+125+1500381+plan+5+000000+0} @ https://g.alicdn.com/merchant-micro-mods/guanghe-workspace/0.0.135/js/98.de2302f7.chunk.js:0
[  724402ms] [WARNING] 页面埋点： /guanghe.Page_MyContent.Show-ContentCard EXP {content_id: 565236424727, user_identity: 0} @ https://g.alicdn.com/merchant-micro-mods/guanghe-workspace/0.0.135/js/98.de2302f7.chunk.js:0
[  724402ms] [WARNING] 页面埋点： /guanghe.page_mycontent.gzjs_exp EXP {traceInfo: +creator_contentmanagement+125+1500381+plan+5+000000+0} @ https://g.alicdn.com/merchant-micro-mods/guanghe-workspace/0.0.135/js/98.de2302f7.chunk.js:0
[  724403ms] [WARNING] 页面埋点： /guanghe.Page_MyContent.HotScoreTag-Exp EXP {contentId: 564774603013, user_identity: 0} @ https://g.alicdn.com/merchant-micro-mods/guanghe-workspace/0.0.135/js/98.de2302f7.chunk.js:0
[  724403ms] [WARNING] 页面埋点： /guanghe.Page_MyContent.HotScoreTag-Exp EXP {contentId: 565236424727, user_identity: 0} @ https://g.alicdn.com/merchant-micro-mods/guanghe-workspace/0.0.135/js/98.de2302f7.chunk.js:0
