[     721ms] [VERBOSE] [DOM] Input elements should have autocomplete attributes (suggested: "current-password"): (More info: https://goo.gl/9p2vKq) %o @ https://login.taobao.com/havanaone/login/login.htm?bizName=taobao&sub=true&redirectURL=https%3A%2F%2Fcreator.guanghe.taobao.com%2Fpage%2F:0
[    1042ms] [LOG] Thu May 28 2026 15:20:55 GMT+0900 (日本标准时间) @ https://g.alicdn.com/AWSC/et/1.83.41/et_f.js:1
[    1130ms] [WARNING] It is recommended that a robustness level be specified. Not specifying the robustness level could result in unexpected behavior. @ https://g.alicdn.com/AWSC/fireyejs/1.234.24/fireyejs.js:0
[    1325ms] [ERROR] Failed to load resource: net::ERR_CONNECTION_CLOSED @ https://fourier.taobao.com/rp?ext=51&data=jm_xsyeIsz3yEkCAXPsr4+qW+4B&random=2532154882606451&href=https%3A%2F%2Fmain.m.tmall.com%2Fapp%2Fvip%2Fh5-webapp%2Fthird-party-cookie.html&protocol=https:&callback=jsonpCallback:0
[    1346ms] [ERROR] Permissions policy violation: gyroscope is not allowed in this document. @ https://g.alicdn.com/secdev/sufei_data/3.9.14/index.js:0
[    1347ms] [ERROR] Permissions policy violation: accelerometer is not allowed in this document. @ https://g.alicdn.com/secdev/sufei_data/3.9.14/index.js:0
[    1347ms] [WARNING] The deviceorientation events are blocked by permissions policy. See https://github.com/w3c/webappsec-permissions-policy/blob/master/features.md#sensor-features @ https://g.alicdn.com/secdev/sufei_data/3.9.14/index.js:0
[    1440ms] [LOG] Thu May 28 2026 15:20:55 GMT+0900 (日本标准时间) @ https://g.alicdn.com/AWSC/et/1.83.41/et_f.js:1
[    1458ms] [ERROR] Failed to load resource: net::ERR_CONNECTION_CLOSED @ https://fourier.taobao.com/rp?ext=51&data=jm_xsyeIsz3yEkCAXPsr4+qW+4B&random=9890293753157346&href=https%3A%2F%2Flogin.taobao.com%2Fhavanaone%2Flogin%2Flogin.htm%3FbizName%3Dtaobao%26sub%3Dtrue%26redirectURL%3Dhttps%253A%252F%252Fcreator.guanghe.taobao.com%252Fpage%252F&protocol=https:&callback=jsonpCallback:0
[   15923ms] [VERBOSE] [DOM] Input elements should have autocomplete attributes (suggested: "current-password"): (More info: https://goo.gl/9p2vKq) %o @ https://login.taobao.com/havanaone/login/login.htm?bizName=taobao&sub=true&redirectURL=https%3A%2F%2Fcreator.guanghe.taobao.com%2Fpage%2F:0
[   48697ms] [ERROR] Failed to load resource: net::ERR_CONNECTION_CLOSED @ https://fourier.taobao.com/rp?ext=51&data=jm_xsyeIsz3yEkCAXPsr4+qW+4B&random=4150143354751492&href=https%3A%2F%2Fpassport.taobao.com%2Fiv%2Fnormal_validate.htm%3FfirstIn%3Dtrue%26htoken%3D3PG7tVJ-J82GLX6pr2aP4npiiRc99yU_dqFwDAflxzUda_5VXfMBMNE-tUr_jezdI-I8YDGzwmMPj9SVuDcMqw&protocol=https:&callback=jsonpCallback:0
[   48728ms] [LOG] Thu May 28 2026 15:21:42 GMT+0900 (日本标准时间) @ https://g.alicdn.com/AWSC/et/1.83.41/et_f.js:1
[   48872ms] [WARNING] It is recommended that a robustness level be specified. Not specifying the robustness level could result in unexpected behavior. @ https://g.alicdn.com/AWSC/fireyejs/1.234.24/fireyejs.js:0
[   49097ms] [ERROR] Failed to load resource: net::ERR_CONNECTION_CLOSED @ https://fourier.taobao.com/rp?ext=51&data=jm_xsyeIsz3yEkCAXPsr4+qW+4B&random=739479110783601&href=https%3A%2F%2Fpassport.taobao.com%2Fiv%2Fnormal_validate.htm%3FfirstIn%3Dtrue%26htoken%3D3PG7tVJ-J82GLX6pr2aP4npiiRc99yU_dqFwDAflxzUda_5VXfMBMNE-tUr_jezdI-I8YDGzwmMPj9SVuDcMqw&protocol=https:&callback=jsonpCallback:0
[   50651ms] [LOG] 1 @ https://passport.taobao.com/iv/normal_validate.htm?firstIn=true&htoken=3PG7tVJ-J82GLX6pr2aP4npiiRc99yU_dqFwDAflxzUda_5VXfMBMNE-tUr_jezdI-I8YDGzwmMPj9SVuDcMqw:194
[   51077ms] [LOG] Thu May 28 2026 15:21:45 GMT+0900 (日本标准时间) @ https://g.alicdn.com/AWSC/et/1.83.41/et_f.js:1
[   51078ms] [ERROR] Failed to load resource: net::ERR_CONNECTION_CLOSED @ https://fourier.taobao.com/rp?ext=51&data=jm_xsyeIsz3yEkCAXPsr4+qW+4B&random=22659587961018335&href=https%3A%2F%2Fpassport.taobao.com%2Fiv%2Fidentity_verify.htm%3Fhtoken%3D3PG7tVJ-J82GLX6pr2aP4npiiRc99yU_dqFwDAflxzUda_5VXfMBMNE-tUr_jezdI-I8YDGzwmMPj9SVuDcMqw%26tag%3D8%26lang%3Dzh_CN%26appName%3D&protocol=https:&callback=jsonpCallback:0
[   51085ms] [WARNING] It is recommended that a robustness level be specified. Not specifying the robustness level could result in unexpected behavior. @ https://g.alicdn.com/AWSC/fireyejs/1.234.24/fireyejs.js:0
[   57890ms] [ERROR] Failed to load resource: net::ERR_CONNECTION_CLOSED @ https://fourier.taobao.com/rp?ext=51&data=jm_xsyeIsz3yEkCAXPsr4+qW+4B&random=6396720041528691&href=https%3A%2F%2Fpassport.taobao.com%2Fiv%2Fidentity_verify.htm%3Fhtoken%3D3PG7tVJ-J82GLX6pr2aP4npiiRc99yU_dqFwDAflxzUda_5VXfMBMNE-tUr_jezdI-I8YDGzwmMPj9SVuDcMqw%26tag%3D8%26lang%3Dzh_CN%26appName%3D&protocol=https:&callback=jsonpCallback:0
[   59313ms] [WARNING] The ScriptProcessorNode is deprecated. Use AudioWorkletNode instead. (https://bit.ly/audio-worklet) @ https://acjs.aliyun.com/AWSC/uab/1.140.0/collina.js:8
[   74410ms] [WARNING] 内容中心埋点： /guanghe.home_new_headerAction.exp {userInfo: {"userIdStr":"qRFsaQiC4ULYODWpgBHI8Q==","accountCa…ue,"lifeOnBoardRoleList":[],"lifeGrayUser":false}, g_userInfo: "{&quot;userIdStr&quot;:&quot;qRFsaQiC4ULYODWpgBHI…oleList&quot;:[],&quot;lifeGrayUser&quot;:false}", GH_UserInfo: {"userIdStr":"qRFsaQiC4ULYODWpgBHI8Q==","accountCa…ue,"lifeOnBoardRoleList":[],"lifeGrayUser":false}} @ https://g.alicdn.com/mtb-guang/guanghe-creator/4.0.62/js/main.js:0
[   74412ms] [LOG] ====== routeChange ====== / [] @ https://g.alicdn.com/mtb-guang/guanghe-creator/4.0.62/js/main.js:0
[   74412ms] [WARNING] Mixed Content: The page at 'https://creator.guanghe.taobao.com/page/' was loaded over HTTPS, but requested an insecure element 'http://img.alicdn.com/sns_logo/TB1l36ddqAoBKNjSZSySuuHAVXa.jpg'. This request was automatically upgraded to HTTPS, For more information see https://blog.chromium.org/2019/10/no-more-mixed-messages-about-https.html @ https://creator.guanghe.taobao.com/page/:130
[   74413ms] [WARNING] [AES] 未监测到Aplus SDK @ https://g.alicdn.com/aes/??tracker/3.1.0/index.js,tracker-plugin-pv/3.0.5/index.js,tracker-plugin-event/3.0.0/index.js,tracker-plugin-jserror/3.0.3/index.js,tracker-plugin-api/3.1.2/index.js,tracker-plugin-resourceError/3.0.4/index.js,tracker-plugin-perf/3.1.0/index.js,tracker-plugin-blank/3.0.1/index.js,tracker-plugin-autolog/3.0.3/index.js,tracker-plugin-survey/3.0.21/index.js,tracker-plugin-longtask/3.0.1/index.js,tracker-plugin-emogine/3.0.11/index.js,tracker-plugin-eventTiming/3.0.0/index.js:0
[   74413ms] [LOG] [32m[1m✅ 4994840936
1779949328628[0m @ https://g.alicdn.com/mtb-guang/guanghe-creator/4.0.62/js/main.js:0
[   74413ms] [LOG] [35m[1m🐛 ==========初始化id设置：4994840936[0m @ https://g.alicdn.com/mtb-guang/guanghe-creator/4.0.62/js/main.js:0
[   74418ms] [LOG] [36m[1m💧 水印创建成功[0m @ https://g.alicdn.com/mtb-guang/guanghe-creator/4.0.62/js/main.js:0
[   74436ms] [LOG] %c [APLUS] -- APLUS INIT SUCCESS background:#3B82FE; padding: 4px; padding-right: 8px; border-radius: 4px; color: #fff; @ https://g.alicdn.com/mtb-guang/guanghe-creator/4.0.62/js/main.js:0
[   74448ms] [WARNING] 内容中心埋点： /guanghe.home_new_sidebar.inspiration_202311_exp {version: 1} @ https://g.alicdn.com/mtb-guang/guanghe-creator/4.0.62/js/main.js:0
[   74448ms] [WARNING] 内容中心埋点： /guanghe.home_new_sidebar.create_202311_exp {version: 1} @ https://g.alicdn.com/mtb-guang/guanghe-creator/4.0.62/js/main.js:0
[   74448ms] [WARNING] 内容中心埋点： /guanghe.home_new_sidebar.collaborate_202311_exp {version: 1} @ https://g.alicdn.com/mtb-guang/guanghe-creator/4.0.62/js/main.js:0
[   74448ms] [WARNING] 内容中心埋点： /guanghe.home_new_sidebar.manage_202311_exp {version: 1} @ https://g.alicdn.com/mtb-guang/guanghe-creator/4.0.62/js/main.js:0
[   74449ms] [WARNING] 内容中心埋点： /guanghe.home_new_sidebar.data_seller202310_menu_exp {version: 1} @ https://g.alicdn.com/mtb-guang/guanghe-creator/4.0.62/js/main.js:0
[   74449ms] [WARNING] 内容中心埋点： /guanghe.home_new_sidebar.college_202311_exp {version: 1} @ https://g.alicdn.com/mtb-guang/guanghe-creator/4.0.62/js/main.js:0
[   74449ms] [WARNING] 内容中心埋点： /guanghe.home_new_sidebar.account_202311_exp {version: 1} @ https://g.alicdn.com/mtb-guang/guanghe-creator/4.0.62/js/main.js:0
[   74449ms] [ERROR] Failed to load resource: net::ERR_CONNECTION_CLOSED @ https://fourier.taobao.com/rp?ext=51&data=jm_null&random=9715574479647945&href=https%3A%2F%2Fcreator.guanghe.taobao.com%2Fpage%2F&protocol=https:&callback=jsonpCallback:0
[   74464ms] [WARNING] 内容中心埋点： /guanghe.home_new_sidebar.home_202311_exp {version: 1} @ https://g.alicdn.com/mtb-guang/guanghe-creator/4.0.62/js/main.js:0
[   74584ms] [LOG] Thu May 28 2026 15:22:08 GMT+0900 (日本标准时间) @ https://g.alicdn.com/AWSC/et/1.83.41/et_f.js:1
[   74627ms] [WARNING] It is recommended that a robustness level be specified. Not specifying the robustness level could result in unexpected behavior. @ https://g.alicdn.com/AWSC/fireyejs/1.234.24/fireyejs.js:0
[   74656ms] [LOG] ====== customConfigChange ====== {content: Object, version: 0.0.4, hitGray: false} @ https://g.alicdn.com/mtb-guang/guanghe-creator/4.0.62/js/main.js:0
[   74668ms] [WARNING] Can not find meta element. @ https://g.alicdn.com/mtb-guang/guanghe-creator/4.0.62/js/main.js:0
[   74887ms] [LOG] %c [APLUS] -- APLUS INIT SUCCESS background:#3B82FE; padding: 4px; padding-right: 8px; border-radius: 4px; color: #fff; @ :1
[   75351ms] [WARNING] [aes-autolog] 已被载入，请勿重复载入 @ https://g.alicdn.com/merchant-micro-mods/content-center-home/0.0.124/mf/js/__federation_expose_ShopHome.js:0
[   75374ms] [LOG] source  @ https://g.alicdn.com/merchant-micro-mods/content-center-home/0.0.124/mf/js/__federation_expose_ShopHome.js:0
[   75374ms] [LOG] useQnColor false @ https://g.alicdn.com/merchant-micro-mods/content-center-home/0.0.124/mf/js/__federation_expose_ShopHome.js:0
[   75499ms] [LOG] 10 mb @ https://g.alicdn.com/merchant-micro-mods/content-center-home/0.0.124/mf/js/__federation_expose_ShopHome.js:0
[   75649ms] [WARNING] 页面埋点： /guanghe.home.pv_coupon_show EXP {reward_type: mama} @ https://g.alicdn.com/merchant-micro-mods/content-center-home/0.0.124/mf/js/__federation_expose_ShopHome.js:0
[   75649ms] [WARNING] 页面埋点： /guanghe.home.Show-HomeMissionCenter EXP {status: 2, reward_type: mama} @ https://g.alicdn.com/merchant-micro-mods/content-center-home/0.0.124/mf/js/__federation_expose_ShopHome.js:0
[   75654ms] [WARNING] 页面埋点： /guanghe.home_new.btn_kolmarketing_findcooperate_btn_exp EXP {} @ https://g.alicdn.com/merchant-micro-mods/content-center-home/0.0.124/mf/js/__federation_expose_ShopHome.js:0
[   75655ms] [WARNING] 页面埋点： /guanghe.home_new.btn_tool_trial_exp EXP {} @ https://g.alicdn.com/merchant-micro-mods/content-center-home/0.0.124/mf/js/__federation_expose_ShopHome.js:0
[   75655ms] [WARNING] 页面埋点： /guanghe.home_new.btn_tool_order_exp EXP {} @ https://g.alicdn.com/merchant-micro-mods/content-center-home/0.0.124/mf/js/__federation_expose_ShopHome.js:0
[   75655ms] [WARNING] 页面埋点： /guanghe.home_new.btn_tool_commission_exp EXP {} @ https://g.alicdn.com/merchant-micro-mods/content-center-home/0.0.124/mf/js/__federation_expose_ShopHome.js:0
[   75655ms] [WARNING] 页面埋点： /guanghe.home_new.btn_tool_buyer_exp EXP {} @ https://g.alicdn.com/merchant-micro-mods/content-center-home/0.0.124/mf/js/__federation_expose_ShopHome.js:0
[   75655ms] [WARNING] 页面埋点： /guanghe.home_new.btn_commodityco_exp EXP {} @ https://g.alicdn.com/merchant-micro-mods/content-center-home/0.0.124/mf/js/__federation_expose_ShopHome.js:0
[   75655ms] [WARNING] 页面埋点： /guanghe.home_new.btn_kolmarketing_exp EXP {} @ https://g.alicdn.com/merchant-micro-mods/content-center-home/0.0.124/mf/js/__federation_expose_ShopHome.js:0
[   75740ms] [WARNING] Mixed Content: The page at 'https://creator.guanghe.taobao.com/page/' was loaded over HTTPS, but requested an insecure element 'http://img.alicdn.com/sns_logo/TB1l36ddqAoBKNjSZSySuuHAVXa.jpg'. This request was automatically upgraded to HTTPS, For more information see https://blog.chromium.org/2019/10/no-more-mixed-messages-about-https.html @ https://creator.guanghe.taobao.com/page/:0
[   75813ms] [WARNING] 页面埋点： /guanghe.home_new.btn_tool_taobaolive_exp EXP {} @ https://g.alicdn.com/merchant-micro-mods/content-center-home/0.0.124/mf/js/__federation_expose_ShopHome.js:0
[   75814ms] [WARNING] 页面埋点： /guanghe.home.gzjsicon_exp EXP {} @ https://g.alicdn.com/merchant-micro-mods/content-center-home/0.0.124/mf/js/__federation_expose_ShopHome.js:0
[   75814ms] [WARNING] 页面埋点： /guangheHome.Page_GuangheHome.Show-banner EXP {id: 60} @ https://g.alicdn.com/merchant-micro-mods/content-center-home/0.0.124/mf/js/__federation_expose_ShopHome.js:0
[   75931ms] [WARNING] 页面埋点： /guanghe.home_new.data_module_exp EXP {content_type: business} @ https://g.alicdn.com/merchant-micro-mods/content-center-home/0.0.124/mf/js/__federation_expose_ShopHome.js:0
[   75931ms] [WARNING] 页面埋点： /guanghe.home.Show-HomeWeeklyReport EXP {version: 1, type: A} @ https://g.alicdn.com/merchant-micro-mods/content-center-home/0.0.124/mf/js/__federation_expose_ShopHome.js:0
[   76700ms] [INFO] %c%s%c%s%c%s%c%s color:#b1b1b1;margin-right:8px;margin-left: 10px 15:22:10 background-color:#1890ff;color:black;display:inline-block;border-radius:4px;padding-left:4px;padding-right:4px;margin-right:8px; INF background-color:#6cfdf3;color:black;display:inline-block;border-radius:4px;padding-left:4px;padding-right:4px;margin-right:8px; scenario-widget color:#b1b1b1; [SW] VERSION:1.7.51 ENV:undefined {} @ https://g.alicdn.com/service-hall/scenario-widget/1.7.51/index.js:13
[   76850ms] [ERROR] Failed to load resource: the server responded with a status of 404 () @ https://gw1.alicdn.com/tfscom/tuitui/i4/3894448398/O1CN01Sf6Ci22BuKzpABExf_!!3894448398.png_q50.jpg_.webp:0
[   76904ms] [ERROR] Failed to load resource: net::ERR_CONNECTION_CLOSED @ https://fourier.taobao.com/rp?ext=51&data=jm_EM2eIlcWi2cCAXPsr486QiFZ&random=1793640316933709&href=https%3A%2F%2Fcreator.guanghe.taobao.com%2Fpage%2F&protocol=https:&callback=jsonpCallback:0
[   76939ms] [INFO] 未获取到缓存信息，使用默认配置 @ https://g.alicdn.com/service-hall/scenario-widget/1.7.51/index.js:42
[   77184ms] [INFO] %c%s%c%s%c%s%c%s color:#b1b1b1;margin-right:8px;margin-left: 10px 15:22:11 background-color:#1890ff;color:black;display:inline-block;border-radius:4px;padding-left:4px;padding-right:4px;margin-right:8px; INF background-color:#6cfdf3;color:black;display:inline-block;border-radius:4px;padding-left:4px;padding-right:4px;margin-right:8px; message-queue color:#b1b1b1; IMQConfigService.getConfig {args: Array(1), ret: Object} @ https://g.alicdn.com/service-hall/scenario-widget/1.7.51/index.js:13
[   77365ms] [INFO] %c%s%c%s%c%s%c%s color:#b1b1b1;margin-right:8px;margin-left: 10px 15:22:11 background-color:#1890ff;color:black;display:inline-block;border-radius:4px;padding-left:4px;padding-right:4px;margin-right:8px; INF background-color:#6cfdf3;color:black;display:inline-block;border-radius:4px;padding-left:4px;padding-right:4px;margin-right:8px; message-queue color:#b1b1b1; AccsInstance.send {0: service_hall_action, 1: Object} @ https://g.alicdn.com/service-hall/scenario-widget/1.7.51/index.js:13
[   77414ms] [INFO] %c%s%c%s%c%s%c%s color:#b1b1b1;margin-right:8px;margin-left: 10px 15:22:11 background-color:#1890ff;color:black;display:inline-block;border-radius:4px;padding-left:4px;padding-right:4px;margin-right:8px; INF background-color:#6cfdf3;color:black;display:inline-block;border-radius:4px;padding-left:4px;padding-right:4px;margin-right:8px; message-queue color:#b1b1b1; AccsInstance.send {0: service_hall_action, 1: t} @ https://g.alicdn.com/service-hall/scenario-widget/1.7.51/index.js:13
[   78772ms] [WARNING] 内容中心埋点： /guanghe.home_new_sidebar.Sidebar-PostButton-exp {version: 1} @ https://g.alicdn.com/mtb-guang/guanghe-creator/4.0.62/js/main.js:0
[   78925ms] [WARNING] 内容中心埋点： /guanghe.home.message-newest-exposure EXP {message_id: 46376938188, uniqueId: tp10256_3894448398_20260524_3894448398, notice_type: 4, role: creator} @ https://g.alicdn.com/mtb-guang/guanghe-creator/4.0.62/js/main.js:0
[   78986ms] [WARNING] 内容中心埋点： /guanghe.home_new_sidebar.plpost_show {} @ https://g.alicdn.com/mtb-guang/guanghe-creator/4.0.62/js/main.js:0
[   79739ms] [WARNING] xxxx-page:/page/ - tti:4072 @ https://g.alicdn.com/mtb-guang/guanghe-creator/4.0.62/js/main.js:0
[   80172ms] [WARNING] 内容中心埋点： /guanghe.home_new_sidebar.Sidebar-PostVideo-click {version: 1} @ https://g.alicdn.com/mtb-guang/guanghe-creator/4.0.62/js/main.js:0
[   81236ms] [LOG] ====== routeChange ====== /pubNew/video [] @ https://g.alicdn.com/mtb-guang/guanghe-creator/4.0.62/js/main.js:0
[   81281ms] [LOG] [32m[1m✅ 4994840936
1779949335453[0m @ https://g.alicdn.com/mtb-guang/guanghe-creator/4.0.62/js/main.js:0
[   81367ms] [WARNING] Can not find meta element. @ https://g.alicdn.com/mtb-guang/guanghe-creator/4.0.62/js/main.js:0
[   81470ms] [INFO] %c%s%c%s%c%s%c%s color:#b1b1b1;margin-right:8px;margin-left: 10px 15:22:15 background-color:#1890ff;color:black;display:inline-block;border-radius:4px;padding-left:4px;padding-right:4px;margin-right:8px; INF background-color:#6cfdf3;color:black;display:inline-block;border-radius:4px;padding-left:4px;padding-right:4px;margin-right:8px; scenario-widget color:#b1b1b1; [SW] VERSION:1.7.51 ENV:undefined {} @ https://g.alicdn.com/service-hall/scenario-widget/1.7.51/index.js:13
[   81607ms] [INFO] 未获取到缓存信息，使用默认配置 @ https://g.alicdn.com/service-hall/scenario-widget/1.7.51/index.js:42
[   81609ms] [INFO] %c%s%c%s%c%s%c%s color:#b1b1b1;margin-right:8px;margin-left: 10px 15:22:15 background-color:#1890ff;color:black;display:inline-block;border-radius:4px;padding-left:4px;padding-right:4px;margin-right:8px; INF background-color:#6cfdf3;color:black;display:inline-block;border-radius:4px;padding-left:4px;padding-right:4px;margin-right:8px; message-queue color:#b1b1b1; AccsInstance.send {0: service_hall_action, 1: Object} @ https://g.alicdn.com/service-hall/scenario-widget/1.7.51/index.js:13
[   81691ms] [INFO] %c%s%c%s%c%s%c%s color:#b1b1b1;margin-right:8px;margin-left: 10px 15:22:15 background-color:#1890ff;color:black;display:inline-block;border-radius:4px;padding-left:4px;padding-right:4px;margin-right:8px; INF background-color:#6cfdf3;color:black;display:inline-block;border-radius:4px;padding-left:4px;padding-right:4px;margin-right:8px; message-queue color:#b1b1b1; AccsInstance.send {0: service_hall_action, 1: t} @ https://g.alicdn.com/service-hall/scenario-widget/1.7.51/index.js:13
[   82019ms] [LOG] 版本 1.5.6 @ https://huodong.taobao.com/wow/z/guang/gg_publish/gg-video?ugc_scene=pc_newcreator_video&pageType=video&site=guangguang:850
[   82139ms] [WARNING] 内容中心埋点： /guanghe.home.message-newest-exposure EXP {message_id: 46316599406, uniqueId: comment_566342065984, notice_type: 2, role: creator} @ https://g.alicdn.com/mtb-guang/guanghe-creator/4.0.62/js/main.js:0
[   82180ms] [INFO] registerServiceWorker success: @ https://g.alicdn.com/??rax-pkg/object-assign/4.1.2/index.js,code/npm/@ali/pnpm-react/16.14.0/index.js,code/npm/@ali/pnpm-react-dom/16.14.0/index.js,code/npm/@ali/pnpm-publish-content-utils/2.0.4/index.js,code/npm/@ali/pnpm-uni--env/1.0.6/index.js,rax-pkg/universal-env/3.3.3/index.js,code/npm/@ali/universal-mtop/6.5.9/index.js,code/npm/@ali/pnpm-publish-next/1.0.8/index.js,code/npm/@ali/universal-user/9.1.0/index.js,code/npm/@ali/multimod-publish-content__app/1.5.6/index.js,code/npm/@ali/multimod-publish-content__config/1.5.6/index-pc.js,code/npm/@ali/multimod-publish-content__video-upload-v2/1.5.6/index-pc.js,code/npm/@ali/multimod-publish-content__tip/1.5.6/index-pc.js,code/npm/@ali/multimod-publish-content__cover-v2/1.5.6/index-pc.js,code/npm/@ali/multimod-publish-content__compliant-result/1.5.6/index-pc.js,code/npm/@ali/pnpm-react/18.2.0/6a96e9f5.js,code/npm/@ali/pnpm-react/18.2.0/index.js,code/npm/@ali/alimod-publish-guanghe__video-show/0.0.3/index-pc.js,code/npm/@ali/multimod-publish-content__title-input/1.5.6/index-pc.js,code/npm/@ali/multimod-publish-content__rich-text-v2/1.5.6/index-pc.js,code/npm/@ali/multimod-publish-content__topic-v2/1.5.6/index-pc.js,code/npm/@ali/multimod-publish-content__music-recommend/1.5.6/index-pc.js,code/npm/@ali/multimod-publish-content__item-v2/1.5.6/index-pc.js,code/npm/@ali/multimod-publish-content__collaborator/1.5.6/index-pc.js,code/npm/@ali/multimod-publish-content__collection/1.5.6/index-pc.js,code/npm/@ali/multimod-publish-content__publish-button/1.5.6/index-pc.js:38
[   82192ms] [ERROR] Failed to load resource: net::ERR_CONNECTION_CLOSED @ https://fourier.taobao.com/rp?ext=51&data=jm_xsyeIsz3yEkCAXPsr4+qW+4B&random=7987177433365477&href=https%3A%2F%2Fhuodong.taobao.com%2Fwow%2Fz%2Fguang%2Fgg_publish%2Fgg-video%3Fugc_scene%3Dpc_newcreator_video%26pageType%3Dvideo%26site%3Dguangguang&protocol=https:&callback=jsonpCallback:0
[   82208ms] [LOG] Thu May 28 2026 15:22:16 GMT+0900 (日本标准时间) @ https://g.alicdn.com/AWSC/et/1.83.41/et_f.js:1
[   82239ms] [INFO] registerServiceWorker success: @ https://g.alicdn.com/??rax-pkg/object-assign/4.1.2/index.js,code/npm/@ali/pnpm-react/16.14.0/index.js,code/npm/@ali/pnpm-react-dom/16.14.0/index.js,code/npm/@ali/pnpm-publish-content-utils/2.0.4/index.js,code/npm/@ali/pnpm-uni--env/1.0.6/index.js,rax-pkg/universal-env/3.3.3/index.js,code/npm/@ali/universal-mtop/6.5.9/index.js,code/npm/@ali/pnpm-publish-next/1.0.8/index.js,code/npm/@ali/universal-user/9.1.0/index.js,code/npm/@ali/multimod-publish-content__app/1.5.6/index.js,code/npm/@ali/multimod-publish-content__config/1.5.6/index-pc.js,code/npm/@ali/multimod-publish-content__video-upload-v2/1.5.6/index-pc.js,code/npm/@ali/multimod-publish-content__tip/1.5.6/index-pc.js,code/npm/@ali/multimod-publish-content__cover-v2/1.5.6/index-pc.js,code/npm/@ali/multimod-publish-content__compliant-result/1.5.6/index-pc.js,code/npm/@ali/pnpm-react/18.2.0/6a96e9f5.js,code/npm/@ali/pnpm-react/18.2.0/index.js,code/npm/@ali/alimod-publish-guanghe__video-show/0.0.3/index-pc.js,code/npm/@ali/multimod-publish-content__title-input/1.5.6/index-pc.js,code/npm/@ali/multimod-publish-content__rich-text-v2/1.5.6/index-pc.js,code/npm/@ali/multimod-publish-content__topic-v2/1.5.6/index-pc.js,code/npm/@ali/multimod-publish-content__music-recommend/1.5.6/index-pc.js,code/npm/@ali/multimod-publish-content__item-v2/1.5.6/index-pc.js,code/npm/@ali/multimod-publish-content__collaborator/1.5.6/index-pc.js,code/npm/@ali/multimod-publish-content__collection/1.5.6/index-pc.js,code/npm/@ali/multimod-publish-content__publish-button/1.5.6/index-pc.js:38
[   85326ms] [WARNING] xxxx-page:/page/pubNew/video - tti:1089 @ https://g.alicdn.com/mtb-guang/guanghe-creator/4.0.62/js/main.js:0
[   85493ms] [WARNING] 内容中心埋点： /guanghe.home.message-newest-exposure EXP {message_id: 46207862772, uniqueId: collect_2443840480_518753372376, notice_type: 1, role: creator} @ https://g.alicdn.com/mtb-guang/guanghe-creator/4.0.62/js/main.js:0
[   88494ms] [WARNING] 内容中心埋点： /guanghe.home.message-newest-exposure EXP {message_id: 46214732871, uniqueId: FOLLOW_3894448398_927636533, notice_type: 3, role: creator} @ https://g.alicdn.com/mtb-guang/guanghe-creator/4.0.62/js/main.js:0
[   91494ms] [WARNING] 内容中心埋点： /guanghe.home.message-newest-exposure EXP {message_id: 46376938188, uniqueId: tp10256_3894448398_20260524_3894448398, notice_type: 4, role: creator} @ https://g.alicdn.com/mtb-guang/guanghe-creator/4.0.62/js/main.js:0
[  243785ms] [INFO] %c%s%c%s%c%s%c%s color:#b1b1b1;margin-right:8px;margin-left: 10px 15:24:58 background-color:#1890ff;color:black;display:inline-block;border-radius:4px;padding-left:4px;padding-right:4px;margin-right:8px; INF background-color:#6cfdf3;color:black;display:inline-block;border-radius:4px;padding-left:4px;padding-right:4px;margin-right:8px; scenario-widget color:#b1b1b1; target page is home page  @ https://g.alicdn.com/service-hall/scenario-widget/1.7.51/index.js:13
[  243790ms] [INFO] 未获取到缓存信息，使用默认配置 @ https://g.alicdn.com/service-hall/scenario-widget/1.7.51/index.js:42
[  244068ms] [WARNING] [AES] 未监测到Aplus SDK @ https://g.alicdn.com/aes/??tracker/3.3.9/index.js,tracker-plugin-pv/3.0.6/index.js,tracker-plugin-event/3.0.0/index.js,tracker-plugin-jserror/3.0.3/index.js,tracker-plugin-api/3.1.3/index.js,tracker-plugin-resourceError/3.0.4/index.js,tracker-plugin-perf/3.1.0/index.js,tracker-plugin-eventTiming/3.0.0/index.js:0
[  244095ms] [WARNING] The PerformanceObserver does not support buffered flag with the entryTypes argument. @ https://g.alicdn.com/tb/tracker/index.js:0
[  244211ms] [LOG] {publicPath: https://g.alicdn.com/service-hall/service-hall-ice-mobile/1.1.18/, entries: Object, pages: Object, assets: Object} @ https://helpcenter.taobao.com/servicehall/embedded/entry/light?appType=widget&fromUrl=https%3A%2F%2Fcreator.guanghe.taobao.com%2Fpage%2FpubNew%2Fvideo%3Fpub_url%3Dhttps%253A%252F%252Fhuodong.taobao.com%252Fwow%252Fz%252Fguang%252Fgg_publish%252Fgg-video%253Fugc_scene%253Dpc_newcreator_video%2526pageType%253Dvideo%2526site%253Dguangguang%26pub_scene%3Dgg&instanceId=85533&origin=https%3A%2F%2Fcreator.guanghe.taobao.com&originUrl=https%3A%2F%2Fcreator.guanghe.taobao.com%2Fpage%2FpubNew%2Fvideo%3Fpub_url%3Dhttps%253A%252F%252Fhuodong.taobao.com%252Fwow%252Fz%252Fguang%252Fgg_publish%252Fgg-video%253Fugc_scene%253Dpc_newcreator_video%2526pageType%253Dvideo%2526site%253Dguangguang%26pub_scene%3Dgg&scene=widget&sessionId=9c1881776ce2478d91ea80b8422ff25a:108
[  244633ms] [LOG] QNAbilityCenter no support jsbridge @ https://g.alicdn.com/service-hall/service-hall-ice-mobile/1.1.18/js/p_layout.js:63
[  244633ms] [LOG] QNAbilityCenter no support jsbridge @ https://g.alicdn.com/service-hall/service-hall-ice-mobile/1.1.18/js/p_layout.js:63
[  245065ms] [ERROR] Failed to load resource: net::ERR_CONNECTION_CLOSED @ https://fourier.taobao.com/rp?ext=51&data=jm_xsyeIsz3yEkCAXPsr4+qW+4B&random=722276787100393&href=https%3A%2F%2Fhelpcenter.taobao.com%2Fservicehall%2Fembedded%2Fentry%2Flight%3FappType%3Dwidget%26fromUrl%3Dhttps%253A%252F%252Fcreator.guanghe.taobao.com%252Fpage%252FpubNew%252Fvideo%253Fpub_url%253Dhttps%25253A%25252F%25252Fhuodong.taobao.com%25252Fwow%25252Fz%25252Fguang%25252Fgg_publish%25252Fgg-video%25253Fugc_scene%25253Dpc_newcreator_video%252526pageType%25253Dvideo%252526site%25253Dguangguang%2526pub_scene%253Dgg%26instanceId%3D85533%26origin%3Dhttps%253A%252F%252Fcreator.guanghe.taobao.com%26originUrl%3Dhttps%253A%252F%252Fcreator.guanghe.taobao.com%252Fpage%252FpubNew%252Fvideo%253Fpub_url%253Dhttps%25253A%25252F%25252Fhuodong.taobao.com%25252Fwow%25252Fz%25252Fguang%25252Fgg_publish%25252Fgg-video%25253Fugc_scene%25253Dpc_newcreator_video%252526pageType%25253Dvideo%252526site%25253Dguangguang%2526pub_scene%253Dgg%26scene%3Dwidget%26sessionId%3D9c1881776ce2478d91ea80b8422ff25a&protocol=https:&callback=jsonpCallback:0
[  245066ms] [ERROR] Permissions policy violation: gyroscope is not allowed in this document. @ https://g.alicdn.com/secdev/sufei_data/3.9.14/index.js:0
[  245066ms] [ERROR] Permissions policy violation: accelerometer is not allowed in this document. @ https://g.alicdn.com/secdev/sufei_data/3.9.14/index.js:0
[  245066ms] [WARNING] The deviceorientation events are blocked by permissions policy. See https://github.com/w3c/webappsec-permissions-policy/blob/master/features.md#sensor-features @ https://g.alicdn.com/secdev/sufei_data/3.9.14/index.js:0
[  245086ms] [LOG] Thu May 28 2026 15:24:59 GMT+0900 (日本标准时间) @ https://g.alicdn.com/AWSC/et/1.83.41/et_f.js:1
[  251613ms] [LOG] QNAbilityCenter no support jsbridge @ https://g.alicdn.com/service-hall/service-hall-ice-mobile/1.1.18/js/p_layout.js:63
[  251631ms] [LOG] QNAbilityCenter no support jsbridge @ https://g.alicdn.com/service-hall/service-hall-ice-mobile/1.1.18/js/p_layout.js:63
[  252368ms] [INFO] %c%s%c%s%c%s%c%s color:#b1b1b1;margin-right:8px;margin-left: 10px 15:25:06 background-color:#1890ff;color:black;display:inline-block;border-radius:4px;padding-left:4px;padding-right:4px;margin-right:8px; INF background-color:#6cfdf3;color:black;display:inline-block;border-radius:4px;padding-left:4px;padding-right:4px;margin-right:8px; message-queue color:#b1b1b1; IMQConfigService.getConfig {args: Array(1), ret: Object} @ https://g.alicdn.com/service-hall/service-hall-ice-mobile/1.1.18/js/5352.js:7
[  252379ms] [LOG] QNAbilityCenter no support jsbridge @ https://g.alicdn.com/service-hall/service-hall-ice-mobile/1.1.18/js/p_layout.js:63
[  258989ms] [INFO] %c%s%c%s%c%s%c%s color:#b1b1b1;margin-right:8px;margin-left: 10px 15:25:13 background-color:#1890ff;color:black;display:inline-block;border-radius:4px;padding-left:4px;padding-right:4px;margin-right:8px; INF background-color:#6cfdf3;color:black;display:inline-block;border-radius:4px;padding-left:4px;padding-right:4px;margin-right:8px; scenario-widget color:#b1b1b1; print history {0: Object} @ https://g.alicdn.com/service-hall/scenario-widget/1.7.51/index.js:13
[  258993ms] [INFO] %c%s%c%s%c%s%c%s color:#b1b1b1;margin-right:8px;margin-left: 10px 15:25:13 background-color:#1890ff;color:black;display:inline-block;border-radius:4px;padding-left:4px;padding-right:4px;margin-right:8px; INF background-color:#6cfdf3;color:black;display:inline-block;border-radius:4px;padding-left:4px;padding-right:4px;margin-right:8px; scenario-widget color:#b1b1b1; print history {0: Object} @ https://g.alicdn.com/service-hall/scenario-widget/1.7.51/index.js:13
[  259008ms] [INFO] 未获取到缓存信息，使用默认配置 @ https://g.alicdn.com/service-hall/scenario-widget/1.7.51/index.js:42
[  286428ms] [WARNING] [AES] 未监测到Aplus SDK @ https://g.alicdn.com/aes/??tracker/3.1.0/index.js,tracker-plugin-pv/3.0.5/index.js,tracker-plugin-event/3.0.0/index.js,tracker-plugin-jserror/3.0.3/index.js,tracker-plugin-api/3.1.2/index.js,tracker-plugin-resourceError/3.0.4/index.js,tracker-plugin-perf/3.1.0/index.js,tracker-plugin-blank/3.0.1/index.js,tracker-plugin-autolog/3.0.3/index.js,tracker-plugin-survey/3.0.21/index.js,tracker-plugin-longtask/3.0.1/index.js,tracker-plugin-emogine/3.0.11/index.js,tracker-plugin-eventTiming/3.0.0/index.js:0
[  286463ms] [WARNING] 内容中心埋点： /guanghe.home_new_headerAction.exp {userInfo: {"userIdStr":"qRFsaQiC4ULYODWpgBHI8Q==","accountCa…ue,"lifeOnBoardRoleList":[],"lifeGrayUser":false}, g_userInfo: "{&quot;userIdStr&quot;:&quot;qRFsaQiC4ULYODWpgBHI…oleList&quot;:[],&quot;lifeGrayUser&quot;:false}", GH_UserInfo: {"userIdStr":"qRFsaQiC4ULYODWpgBHI8Q==","accountCa…ue,"lifeOnBoardRoleList":[],"lifeGrayUser":false}} @ https://g.alicdn.com/mtb-guang/guanghe-creator/4.0.62/js/main.js:0
[  286465ms] [LOG] ====== routeChange ====== /pubNew/video [] @ https://g.alicdn.com/mtb-guang/guanghe-creator/4.0.62/js/main.js:0
[  286465ms] [WARNING] Mixed Content: The page at 'https://creator.guanghe.taobao.com/page/pubNew/video?pub_url=https%3A%2F%2Fhuodong.taobao.com%2Fwow%2Fz%2Fguang%2Fgg_publish%2Fgg-video%3Fugc_scene%3Dpc_newcreator_video%26pageType%3Dvideo%26site%3Dguangguang&pub_scene=gg' was loaded over HTTPS, but requested an insecure element 'http://img.alicdn.com/sns_logo/TB1l36ddqAoBKNjSZSySuuHAVXa.jpg'. This request was automatically upgraded to HTTPS, For more information see https://blog.chromium.org/2019/10/no-more-mixed-messages-about-https.html @ https://creator.guanghe.taobao.com/page/pubNew/video?pub_url=https%3A%2F%2Fhuodong.taobao.com%2Fwow%2Fz%2Fguang%2Fgg_publish%2Fgg-video%3Fugc_scene%3Dpc_newcreator_video%26pageType%3Dvideo%26site%3Dguangguang&pub_scene=gg:130
[  286466ms] [LOG] [32m[1m✅ 4994840936
1779949540681[0m @ https://g.alicdn.com/mtb-guang/guanghe-creator/4.0.62/js/main.js:0
[  286466ms] [LOG] [35m[1m🐛 ==========初始化id设置：4994840936[0m @ https://g.alicdn.com/mtb-guang/guanghe-creator/4.0.62/js/main.js:0
[  286470ms] [LOG] [36m[1m💧 水印创建成功[0m @ https://g.alicdn.com/mtb-guang/guanghe-creator/4.0.62/js/main.js:0
[  286486ms] [LOG] %c [APLUS] -- APLUS INIT SUCCESS background:#3B82FE; padding: 4px; padding-right: 8px; border-radius: 4px; color: #fff; @ https://g.alicdn.com/mtb-guang/guanghe-creator/4.0.62/js/main.js:0
[  286496ms] [WARNING] 内容中心埋点： /guanghe.home_new_sidebar.inspiration_202311_exp {version: 1} @ https://g.alicdn.com/mtb-guang/guanghe-creator/4.0.62/js/main.js:0
[  286496ms] [WARNING] 内容中心埋点： /guanghe.home_new_sidebar.create_202311_exp {version: 1} @ https://g.alicdn.com/mtb-guang/guanghe-creator/4.0.62/js/main.js:0
[  286496ms] [WARNING] 内容中心埋点： /guanghe.home_new_sidebar.collaborate_202311_exp {version: 1} @ https://g.alicdn.com/mtb-guang/guanghe-creator/4.0.62/js/main.js:0
[  286496ms] [WARNING] 内容中心埋点： /guanghe.home_new_sidebar.manage_202311_exp {version: 1} @ https://g.alicdn.com/mtb-guang/guanghe-creator/4.0.62/js/main.js:0
[  286496ms] [WARNING] 内容中心埋点： /guanghe.home_new_sidebar.data_seller202310_menu_exp {version: 1} @ https://g.alicdn.com/mtb-guang/guanghe-creator/4.0.62/js/main.js:0
[  286496ms] [WARNING] 内容中心埋点： /guanghe.home_new_sidebar.college_202311_exp {version: 1} @ https://g.alicdn.com/mtb-guang/guanghe-creator/4.0.62/js/main.js:0
[  286496ms] [WARNING] 内容中心埋点： /guanghe.home_new_sidebar.account_202311_exp {version: 1} @ https://g.alicdn.com/mtb-guang/guanghe-creator/4.0.62/js/main.js:0
[  286496ms] [ERROR] Failed to load resource: net::ERR_CONNECTION_CLOSED @ https://fourier.taobao.com/rp?ext=51&data=jm_xsyeIsz3yEkCAXPsr4+qW+4B&random=9314079276718391&href=https%3A%2F%2Fcreator.guanghe.taobao.com%2Fpage%2FpubNew%2Fvideo%3Fpub_url%3Dhttps%253A%252F%252Fhuodong.taobao.com%252Fwow%252Fz%252Fguang%252Fgg_publish%252Fgg-video%253Fugc_scene%253Dpc_newcreator_video%2526pageType%253Dvideo%2526site%253Dguangguang%26pub_scene%3Dgg&protocol=https:&callback=jsonpCallback:0
[  286504ms] [WARNING] 内容中心埋点： /guanghe.home_new_sidebar.home_202311_exp {version: 1} @ https://g.alicdn.com/mtb-guang/guanghe-creator/4.0.62/js/main.js:0
[  286524ms] [LOG] Thu May 28 2026 15:25:40 GMT+0900 (日本标准时间) @ https://g.alicdn.com/AWSC/et/1.83.41/et_f.js:1
[  286603ms] [LOG] %c [APLUS] -- APLUS INIT SUCCESS background:#3B82FE; padding: 4px; padding-right: 8px; border-radius: 4px; color: #fff; @ :1
[  286611ms] [WARNING] It is recommended that a robustness level be specified. Not specifying the robustness level could result in unexpected behavior. @ https://g.alicdn.com/AWSC/fireyejs/1.234.24/fireyejs.js:0
[  286690ms] [LOG] ====== customConfigChange ====== {content: Object, version: 0.0.4, hitGray: false} @ https://g.alicdn.com/mtb-guang/guanghe-creator/4.0.62/js/main.js:0
[  286705ms] [WARNING] Can not find meta element. @ https://g.alicdn.com/mtb-guang/guanghe-creator/4.0.62/js/main.js:0
[  287020ms] [LOG] 版本 1.5.6 @ https://huodong.taobao.com/wow/z/guang/gg_publish/gg-video?ugc_scene=pc_newcreator_video&pageType=video&site=guangguang:850
[  287162ms] [INFO] registerServiceWorker success: @ https://g.alicdn.com/??rax-pkg/object-assign/4.1.2/index.js,code/npm/@ali/pnpm-react/16.14.0/index.js,code/npm/@ali/pnpm-react-dom/16.14.0/index.js,code/npm/@ali/pnpm-publish-content-utils/2.0.4/index.js,code/npm/@ali/pnpm-uni--env/1.0.6/index.js,rax-pkg/universal-env/3.3.3/index.js,code/npm/@ali/universal-mtop/6.5.9/index.js,code/npm/@ali/pnpm-publish-next/1.0.8/index.js,code/npm/@ali/universal-user/9.1.0/index.js,code/npm/@ali/multimod-publish-content__app/1.5.6/index.js,code/npm/@ali/multimod-publish-content__config/1.5.6/index-pc.js,code/npm/@ali/multimod-publish-content__video-upload-v2/1.5.6/index-pc.js,code/npm/@ali/multimod-publish-content__tip/1.5.6/index-pc.js,code/npm/@ali/multimod-publish-content__cover-v2/1.5.6/index-pc.js,code/npm/@ali/multimod-publish-content__compliant-result/1.5.6/index-pc.js,code/npm/@ali/pnpm-react/18.2.0/6a96e9f5.js,code/npm/@ali/pnpm-react/18.2.0/index.js,code/npm/@ali/alimod-publish-guanghe__video-show/0.0.3/index-pc.js,code/npm/@ali/multimod-publish-content__title-input/1.5.6/index-pc.js,code/npm/@ali/multimod-publish-content__rich-text-v2/1.5.6/index-pc.js,code/npm/@ali/multimod-publish-content__topic-v2/1.5.6/index-pc.js,code/npm/@ali/multimod-publish-content__music-recommend/1.5.6/index-pc.js,code/npm/@ali/multimod-publish-content__item-v2/1.5.6/index-pc.js,code/npm/@ali/multimod-publish-content__collaborator/1.5.6/index-pc.js,code/npm/@ali/multimod-publish-content__collection/1.5.6/index-pc.js,code/npm/@ali/multimod-publish-content__publish-button/1.5.6/index-pc.js:38
[  287189ms] [ERROR] Failed to load resource: net::ERR_CONNECTION_CLOSED @ https://fourier.taobao.com/rp?ext=51&data=jm_xsyeIsz3yEkCAXPsr4+qW+4B&random=06585257652597587&href=https%3A%2F%2Fhuodong.taobao.com%2Fwow%2Fz%2Fguang%2Fgg_publish%2Fgg-video%3Fugc_scene%3Dpc_newcreator_video%26pageType%3Dvideo%26site%3Dguangguang&protocol=https:&callback=jsonpCallback:0
[  287204ms] [LOG] Thu May 28 2026 15:25:41 GMT+0900 (日本标准时间) @ https://g.alicdn.com/AWSC/et/1.83.41/et_f.js:1
[  287299ms] [INFO] registerServiceWorker success: @ https://g.alicdn.com/??rax-pkg/object-assign/4.1.2/index.js,code/npm/@ali/pnpm-react/16.14.0/index.js,code/npm/@ali/pnpm-react-dom/16.14.0/index.js,code/npm/@ali/pnpm-publish-content-utils/2.0.4/index.js,code/npm/@ali/pnpm-uni--env/1.0.6/index.js,rax-pkg/universal-env/3.3.3/index.js,code/npm/@ali/universal-mtop/6.5.9/index.js,code/npm/@ali/pnpm-publish-next/1.0.8/index.js,code/npm/@ali/universal-user/9.1.0/index.js,code/npm/@ali/multimod-publish-content__app/1.5.6/index.js,code/npm/@ali/multimod-publish-content__config/1.5.6/index-pc.js,code/npm/@ali/multimod-publish-content__video-upload-v2/1.5.6/index-pc.js,code/npm/@ali/multimod-publish-content__tip/1.5.6/index-pc.js,code/npm/@ali/multimod-publish-content__cover-v2/1.5.6/index-pc.js,code/npm/@ali/multimod-publish-content__compliant-result/1.5.6/index-pc.js,code/npm/@ali/pnpm-react/18.2.0/6a96e9f5.js,code/npm/@ali/pnpm-react/18.2.0/index.js,code/npm/@ali/alimod-publish-guanghe__video-show/0.0.3/index-pc.js,code/npm/@ali/multimod-publish-content__title-input/1.5.6/index-pc.js,code/npm/@ali/multimod-publish-content__rich-text-v2/1.5.6/index-pc.js,code/npm/@ali/multimod-publish-content__topic-v2/1.5.6/index-pc.js,code/npm/@ali/multimod-publish-content__music-recommend/1.5.6/index-pc.js,code/npm/@ali/multimod-publish-content__item-v2/1.5.6/index-pc.js,code/npm/@ali/multimod-publish-content__collaborator/1.5.6/index-pc.js,code/npm/@ali/multimod-publish-content__collection/1.5.6/index-pc.js,code/npm/@ali/multimod-publish-content__publish-button/1.5.6/index-pc.js:38
[  287492ms] [WARNING] 内容中心埋点： /guanghe.home.message-newest-exposure EXP {message_id: 46376938188, uniqueId: tp10256_3894448398_20260524_3894448398, notice_type: 4, role: creator} @ https://g.alicdn.com/mtb-guang/guanghe-creator/4.0.62/js/main.js:0
[  287503ms] [ERROR] Failed to load resource: net::ERR_CONNECTION_CLOSED @ https://fourier.taobao.com/rp?ext=51&data=jm_xsyeIsz3yEkCAXPsr4+qW+4B&random=3814505880617376&href=https%3A%2F%2Fcreator.guanghe.taobao.com%2Fpage%2FpubNew%2Fvideo%3Fpub_url%3Dhttps%253A%252F%252Fhuodong.taobao.com%252Fwow%252Fz%252Fguang%252Fgg_publish%252Fgg-video%253Fugc_scene%253Dpc_newcreator_video%2526pageType%253Dvideo%2526site%253Dguangguang%26pub_scene%3Dgg&protocol=https:&callback=jsonpCallback:0
[  288214ms] [INFO] %c%s%c%s%c%s%c%s color:#b1b1b1;margin-right:8px;margin-left: 10px 15:25:42 background-color:#1890ff;color:black;display:inline-block;border-radius:4px;padding-left:4px;padding-right:4px;margin-right:8px; INF background-color:#6cfdf3;color:black;display:inline-block;border-radius:4px;padding-left:4px;padding-right:4px;margin-right:8px; scenario-widget color:#b1b1b1; [SW] VERSION:1.7.51 ENV:undefined {} @ https://g.alicdn.com/service-hall/scenario-widget/1.7.51/index.js:13
[  288343ms] [INFO] 未获取到缓存信息，使用默认配置 @ https://g.alicdn.com/service-hall/scenario-widget/1.7.51/index.js:42
[  288587ms] [INFO] %c%s%c%s%c%s%c%s color:#b1b1b1;margin-right:8px;margin-left: 10px 15:25:42 background-color:#1890ff;color:black;display:inline-block;border-radius:4px;padding-left:4px;padding-right:4px;margin-right:8px; INF background-color:#6cfdf3;color:black;display:inline-block;border-radius:4px;padding-left:4px;padding-right:4px;margin-right:8px; message-queue color:#b1b1b1; IMQConfigService.getConfig {args: Array(1), ret: Object} @ https://g.alicdn.com/service-hall/scenario-widget/1.7.51/index.js:13
[  288811ms] [INFO] %c%s%c%s%c%s%c%s color:#b1b1b1;margin-right:8px;margin-left: 10px 15:25:43 background-color:#1890ff;color:black;display:inline-block;border-radius:4px;padding-left:4px;padding-right:4px;margin-right:8px; INF background-color:#6cfdf3;color:black;display:inline-block;border-radius:4px;padding-left:4px;padding-right:4px;margin-right:8px; message-queue color:#b1b1b1; AccsInstance.send {0: service_hall_action, 1: Object} @ https://g.alicdn.com/service-hall/scenario-widget/1.7.51/index.js:13
[  288854ms] [INFO] %c%s%c%s%c%s%c%s color:#b1b1b1;margin-right:8px;margin-left: 10px 15:25:43 background-color:#1890ff;color:black;display:inline-block;border-radius:4px;padding-left:4px;padding-right:4px;margin-right:8px; INF background-color:#6cfdf3;color:black;display:inline-block;border-radius:4px;padding-left:4px;padding-right:4px;margin-right:8px; message-queue color:#b1b1b1; AccsInstance.send {0: service_hall_action, 1: t} @ https://g.alicdn.com/service-hall/scenario-widget/1.7.51/index.js:13
[  290503ms] [WARNING] xxxx-page:/page/pubNew/video - tti:1665 @ https://g.alicdn.com/mtb-guang/guanghe-creator/4.0.62/js/main.js:0
[  291021ms] [WARNING] 内容中心埋点： /guanghe.home.message-newest-exposure EXP {message_id: 46316599406, uniqueId: comment_566342065984, notice_type: 2, role: creator} @ https://g.alicdn.com/mtb-guang/guanghe-creator/4.0.62/js/main.js:0
[  293945ms] [WARNING] 内容中心埋点： /guanghe.home.message-newest-exposure EXP {message_id: 46207862772, uniqueId: collect_2443840480_518753372376, notice_type: 1, role: creator} @ https://g.alicdn.com/mtb-guang/guanghe-creator/4.0.62/js/main.js:0
[  296645ms] [WARNING] 内容中心埋点： /guanghe.home.message-newest-exposure EXP {message_id: 46215014625, uniqueId: FOLLOW_3894448398_2680233055, notice_type: 3, role: creator} @ https://g.alicdn.com/mtb-guang/guanghe-creator/4.0.62/js/main.js:0
[  299646ms] [WARNING] 内容中心埋点： /guanghe.home.message-newest-exposure EXP {message_id: 46376938188, uniqueId: tp10256_3894448398_20260524_3894448398, notice_type: 4, role: creator} @ https://g.alicdn.com/mtb-guang/guanghe-creator/4.0.62/js/main.js:0
