[      86ms] [WARNING] 内容中心埋点： /guanghe.home_new_headerAction.exp {userInfo: {"userIdStr":"qRFsaQiC4ULYODWpgBHI8Q==","accountCa…ue,"lifeOnBoardRoleList":[],"lifeGrayUser":false}, g_userInfo: "{&quot;userIdStr&quot;:&quot;qRFsaQiC4ULYODWpgBHI…oleList&quot;:[],&quot;lifeGrayUser&quot;:false}", GH_UserInfo: {"userIdStr":"qRFsaQiC4ULYODWpgBHI8Q==","accountCa…ue,"lifeOnBoardRoleList":[],"lifeGrayUser":false}} @ https://g.alicdn.com/mtb-guang/guanghe-creator/4.0.62/js/main.js:0
[      88ms] [LOG] ====== routeChange ====== /unify/contentDetail [] @ https://g.alicdn.com/mtb-guang/guanghe-creator/4.0.62/js/main.js:0
[      88ms] [WARNING] Mixed Content: The page at 'https://creator.guanghe.taobao.com/page/unify/contentDetail?contentId=564774603013&tab=1&mode=0&contentType=video&source=guanghe' was loaded over HTTPS, but requested an insecure element 'http://img.alicdn.com/sns_logo/TB1l36ddqAoBKNjSZSySuuHAVXa.jpg'. This request was automatically upgraded to HTTPS, For more information see https://blog.chromium.org/2019/10/no-more-mixed-messages-about-https.html @ https://creator.guanghe.taobao.com/page/unify/contentDetail?contentId=564774603013&tab=1&mode=0&contentType=video&source=guanghe:129
[      88ms] [LOG] [32m[1m✅ 4994840936
1779950561419[0m @ https://g.alicdn.com/mtb-guang/guanghe-creator/4.0.62/js/main.js:0
[      88ms] [LOG] [35m[1m🐛 ==========初始化id设置：4994840936[0m @ https://g.alicdn.com/mtb-guang/guanghe-creator/4.0.62/js/main.js:0
[      93ms] [LOG] [36m[1m💧 水印创建成功[0m @ https://g.alicdn.com/mtb-guang/guanghe-creator/4.0.62/js/main.js:0
[     110ms] [LOG] %c [APLUS] -- APLUS INIT SUCCESS background:#3B82FE; padding: 4px; padding-right: 8px; border-radius: 4px; color: #fff; @ https://g.alicdn.com/mtb-guang/guanghe-creator/4.0.62/js/main.js:0
[     115ms] [WARNING] 内容中心埋点： /guanghe.home_new_sidebar.inspiration_202311_exp {version: 1} @ https://g.alicdn.com/mtb-guang/guanghe-creator/4.0.62/js/main.js:0
[     115ms] [WARNING] 内容中心埋点： /guanghe.home_new_sidebar.create_202311_exp {version: 1} @ https://g.alicdn.com/mtb-guang/guanghe-creator/4.0.62/js/main.js:0
[     115ms] [WARNING] 内容中心埋点： /guanghe.home_new_sidebar.collaborate_202311_exp {version: 1} @ https://g.alicdn.com/mtb-guang/guanghe-creator/4.0.62/js/main.js:0
[     115ms] [WARNING] 内容中心埋点： /guanghe.home_new_sidebar.manage_202311_exp {version: 1} @ https://g.alicdn.com/mtb-guang/guanghe-creator/4.0.62/js/main.js:0
[     115ms] [WARNING] 内容中心埋点： /guanghe.home_new_sidebar.data_seller202310_menu_exp {version: 1} @ https://g.alicdn.com/mtb-guang/guanghe-creator/4.0.62/js/main.js:0
[     115ms] [WARNING] 内容中心埋点： /guanghe.home_new_sidebar.college_202311_exp {version: 1} @ https://g.alicdn.com/mtb-guang/guanghe-creator/4.0.62/js/main.js:0
[     115ms] [WARNING] 内容中心埋点： /guanghe.home_new_sidebar.account_202311_exp {version: 1} @ https://g.alicdn.com/mtb-guang/guanghe-creator/4.0.62/js/main.js:0
[     115ms] [ERROR] Failed to load resource: net::ERR_CONNECTION_CLOSED @ https://fourier.taobao.com/rp?ext=51&data=jm_xsyeIsz3yEkCAXPsr4+qW+4B&random=4007024081163302&href=https%3A%2F%2Fcreator.guanghe.taobao.com%2Fpage%2Funify%2FcontentDetail%3FcontentId%3D564774603013%26tab%3D1%26mode%3D0%26contentType%3Dvideo%26source%3Dguanghe&protocol=https:&callback=jsonpCallback:0
[     125ms] [WARNING] 内容中心埋点： /guanghe.home_new_sidebar.home_202311_exp {version: 1} @ https://g.alicdn.com/mtb-guang/guanghe-creator/4.0.62/js/main.js:0
[     144ms] [LOG] Thu May 28 2026 14:42:41 GMT+0800 (中国标准时间) @ https://g.alicdn.com/AWSC/et/1.83.41/et_f.js:1
[     161ms] [LOG] %c [APLUS] -- APLUS INIT SUCCESS background:#3B82FE; padding: 4px; padding-right: 8px; border-radius: 4px; color: #fff; @ :1
[     231ms] [WARNING] It is recommended that a robustness level be specified. Not specifying the robustness level could result in unexpected behavior. @ https://g.alicdn.com/AWSC/fireyejs/1.234.24/fireyejs.js:0
[     300ms] [LOG] ====== customConfigChange ====== {content: Object, version: 0.0.4, hitGray: false} @ https://g.alicdn.com/mtb-guang/guanghe-creator/4.0.62/js/main.js:0
[     430ms] [WARNING] 内容中心埋点： /guanghe.home.message-newest-exposure EXP {message_id: 46376938188, uniqueId: tp10256_3894448398_20260524_3894448398, notice_type: 4, role: creator} @ https://g.alicdn.com/mtb-guang/guanghe-creator/4.0.62/js/main.js:0
[     516ms] [ERROR] Failed to load resource: net::ERR_CONNECTION_CLOSED @ https://fourier.taobao.com/rp?ext=51&data=jm_xsyeIsz3yEkCAXPsr4+qW+4B&random=05136597660651765&href=https%3A%2F%2Fcreator.guanghe.taobao.com%2Fpage%2Funify%2FcontentDetail%3FcontentId%3D564774603013%26tab%3D1%26mode%3D0%26contentType%3Dvideo%26source%3Dguanghe&protocol=https:&callback=jsonpCallback:0
[     701ms] [LOG] guanghe-creator mount @ https://g.alicdn.com/merchant-micro-apps/guanghe-creator/0.3.129/js/main.js:0
[     712ms] [LOG] %c [APLUS] -- APLUS INIT SUCCESS background:#3B82FE; padding: 4px; padding-right: 8px; border-radius: 4px; color: #fff; @ https://g.alicdn.com/merchant-micro-apps/guanghe-creator/0.3.129/js/main.js:0
[    1064ms] [WARNING] Can not find meta element. @ https://g.alicdn.com/merchant-micro-apps/guanghe-creator/0.3.129/js/main.js:0
[    1423ms] [WARNING] Can not find meta element. @ https://g.alicdn.com/merchant-micro-apps/guanghe-creator/0.3.129/js/main.js:0
[    1428ms] [WARNING] 页面埋点： /guanghe.home.Show-ContentDetailTab EXP {content_id: 564774603013, tab_name: data, user_identity: 0} @ https://g.alicdn.com/merchant-micro-apps/guanghe-creator/0.3.129/js/main.js:0
[    1428ms] [WARNING] 页面埋点： /guanghe.home.Show-ContentDetailTab EXP {content_id: 564774603013, tab_name: comment, user_identity: 0} @ https://g.alicdn.com/merchant-micro-apps/guanghe-creator/0.3.129/js/main.js:0
[    1639ms] [LOG] enabled111 true @ https://g.alicdn.com/merchant-micro-apps/guanghe-creator/0.3.129/js/p_contentdetail-index.js:0
[    1640ms] [WARNING] Mixed Content: The page at 'https://creator.guanghe.taobao.com/page/unify/contentDetail?contentId=564774603013&tab=1&mode=0&contentType=video&source=guanghe' was loaded over HTTPS, but requested an insecure element 'http://gw3.alicdn.com/tfscom/tuitui/i4/3894448398/O1CN01GuGjDF2BuLIhat7aq_!!4611686018427384078-2-item_pic.png'. This request was automatically upgraded to HTTPS, For more information see https://blog.chromium.org/2019/10/no-more-mixed-messages-about-https.html @ https://creator.guanghe.taobao.com/page/unify/contentDetail?contentId=564774603013&tab=1&mode=0&contentType=video&source=guanghe:0
[    1640ms] [WARNING] Mixed Content: The page at 'https://creator.guanghe.taobao.com/page/unify/contentDetail?contentId=564774603013&tab=1&mode=0&contentType=video&source=guanghe' was loaded over HTTPS, but requested an insecure element 'http://gw3.alicdn.com/tfscom/tuitui/i2/3894448398/O1CN01tyvtVi2BuLIgNSS2A_!!4611686018427384078-0-item_pic.jpg'. This request was automatically upgraded to HTTPS, For more information see https://blog.chromium.org/2019/10/no-more-mixed-messages-about-https.html @ https://creator.guanghe.taobao.com/page/unify/contentDetail?contentId=564774603013&tab=1&mode=0&contentType=video&source=guanghe:0
[    1640ms] [WARNING] Mixed Content: The page at 'https://creator.guanghe.taobao.com/page/unify/contentDetail?contentId=564774603013&tab=1&mode=0&contentType=video&source=guanghe' was loaded over HTTPS, but requested an insecure element 'http://gw2.alicdn.com/tfscom/tuitui/i4/3894448398/O1CN013jzsM42BuLIntMrx6_!!4611686018427384078-0-item_pic.jpg'. This request was automatically upgraded to HTTPS, For more information see https://blog.chromium.org/2019/10/no-more-mixed-messages-about-https.html @ https://creator.guanghe.taobao.com/page/unify/contentDetail?contentId=564774603013&tab=1&mode=0&contentType=video&source=guanghe:0
[    1673ms] [INFO] %c%s%c%s%c%s%c%s color:#b1b1b1;margin-right:8px;margin-left: 10px 14:42:43 background-color:#1890ff;color:black;display:inline-block;border-radius:4px;padding-left:4px;padding-right:4px;margin-right:8px; INF background-color:#6cfdf3;color:black;display:inline-block;border-radius:4px;padding-left:4px;padding-right:4px;margin-right:8px; scenario-widget color:#b1b1b1; [SW] VERSION:1.7.51 ENV:undefined {} @ https://g.alicdn.com/service-hall/scenario-widget/1.7.51/index.js:13
[    1743ms] [LOG] enabled111 false @ https://g.alicdn.com/merchant-micro-apps/guanghe-creator/0.3.129/js/p_contentdetail-index.js:0
[    1903ms] [INFO] 未获取到缓存信息，使用默认配置 @ https://g.alicdn.com/service-hall/scenario-widget/1.7.51/index.js:42
[    2018ms] [INFO] %c%s%c%s%c%s%c%s color:#b1b1b1;margin-right:8px;margin-left: 10px 14:42:43 background-color:#1890ff;color:black;display:inline-block;border-radius:4px;padding-left:4px;padding-right:4px;margin-right:8px; INF background-color:#6cfdf3;color:black;display:inline-block;border-radius:4px;padding-left:4px;padding-right:4px;margin-right:8px; message-queue color:#b1b1b1; IMQConfigService.getConfig {args: Array(1), ret: Object} @ https://g.alicdn.com/service-hall/scenario-widget/1.7.51/index.js:13
[    2042ms] [WARNING] 内容中心埋点： /Page_GuangMyContent.Page_GuangContentDetail.PreviewVideo_Play_click CLK {content_id: 564774603013} @ https://g.alicdn.com/merchant-micro-apps/guanghe-creator/0.3.129/js/p_contentdetail-index.js:0
[    2413ms] [INFO] %c%s%c%s%c%s%c%s color:#b1b1b1;margin-right:8px;margin-left: 10px 14:42:43 background-color:#1890ff;color:black;display:inline-block;border-radius:4px;padding-left:4px;padding-right:4px;margin-right:8px; INF background-color:#6cfdf3;color:black;display:inline-block;border-radius:4px;padding-left:4px;padding-right:4px;margin-right:8px; message-queue color:#b1b1b1; AccsInstance.send {0: service_hall_action, 1: Object} @ https://g.alicdn.com/service-hall/scenario-widget/1.7.51/index.js:13
[    2478ms] [INFO] %c%s%c%s%c%s%c%s color:#b1b1b1;margin-right:8px;margin-left: 10px 14:42:43 background-color:#1890ff;color:black;display:inline-block;border-radius:4px;padding-left:4px;padding-right:4px;margin-right:8px; INF background-color:#6cfdf3;color:black;display:inline-block;border-radius:4px;padding-left:4px;padding-right:4px;margin-right:8px; message-queue color:#b1b1b1; AccsInstance.send {0: service_hall_action, 1: t} @ https://g.alicdn.com/service-hall/scenario-widget/1.7.51/index.js:13
[    3608ms] [WARNING] 内容中心埋点： /guanghe.home.message-newest-exposure EXP {message_id: 46316599406, uniqueId: comment_566342065984, notice_type: 2, role: creator} @ https://g.alicdn.com/mtb-guang/guanghe-creator/4.0.62/js/main.js:0
[    3818ms] [WARNING] xxxx-page:/page/unify/contentDetail - tti:1801 @ https://g.alicdn.com/mtb-guang/guanghe-creator/4.0.62/js/main.js:0
[    6642ms] [WARNING] 内容中心埋点： /guanghe.home.message-newest-exposure EXP {message_id: 46207862772, uniqueId: collect_2443840480_518753372376, notice_type: 1, role: creator} @ https://g.alicdn.com/mtb-guang/guanghe-creator/4.0.62/js/main.js:0
[    7491ms] [WARNING] The ScriptProcessorNode is deprecated. Use AudioWorkletNode instead. (https://bit.ly/audio-worklet) @ https://g.alicdn.com/AWSC/fireyejs/1.231.69/fireyejs.js:0
[    7573ms] [WARNING] 页面埋点： /guanghe.Page_content_detail.Button-ContentDetailTab CLK {content_id: 564774603013, tab_name: data, user_identity: 0} @ https://g.alicdn.com/merchant-micro-apps/guanghe-creator/0.3.129/js/main.js:0
[    7719ms] [LOG] {timeRangeBegin: 20260520, timeRangeEnd: 20260526, timeRangeType: 7} time @ https://g.alicdn.com/merchant-micro-apps/guanghe-creator/0.3.129/js/p_contentdetail-index.js:0
[    7786ms] [WARNING] 内容中心埋点： /guanghe.page_content_detail.dataanalysis_qtl_exp EXP {} @ https://g.alicdn.com/merchant-micro-apps/guanghe-creator/0.3.129/js/p_contentdetail-index.js:0
[    8836ms] [WARNING] 页面埋点： /guanghe.Page_content_detail.Button-ContentDetailTab CLK {content_id: 564774603013, tab_name: data, user_identity: 0} @ https://g.alicdn.com/merchant-micro-apps/guanghe-creator/0.3.129/js/main.js:0
[    9587ms] [WARNING] 页面埋点： /guanghe.Page_content_detail.Button-ContentDetailTab CLK {content_id: 564774603013, tab_name: comment, user_identity: 0} @ https://g.alicdn.com/merchant-micro-apps/guanghe-creator/0.3.129/js/main.js:0
[    9617ms] [WARNING] 内容中心埋点： /guanghe.home.message-newest-exposure EXP {message_id: 46215284437, uniqueId: FOLLOW_3894448398_479375273, notice_type: 3, role: creator} @ https://g.alicdn.com/mtb-guang/guanghe-creator/4.0.62/js/main.js:0
[   10249ms] [LOG] ====== routeChange ====== /workspace/tb [] @ https://g.alicdn.com/mtb-guang/guanghe-creator/4.0.62/js/main.js:0
[   10267ms] [LOG] guanghe-creator unmount @ https://g.alicdn.com/merchant-micro-apps/guanghe-creator/0.3.129/js/main.js:0
[   10267ms] [LOG] [32m[1m✅ 4994840936
1779950571578[0m @ https://g.alicdn.com/mtb-guang/guanghe-creator/4.0.62/js/main.js:0
[   10285ms] [WARNING] Can not find meta element. @ https://g.alicdn.com/mtb-guang/guanghe-creator/4.0.62/js/main.js:0
[   10292ms] [WARNING] 内容中心埋点： /Page_GuangMyContent.Page_GuangContentDetail.PreviewVideo_Stop_click CLK {content_id: 564774603013} @ https://g.alicdn.com/merchant-micro-apps/guanghe-creator/0.3.129/js/p_contentdetail-index.js:0
[   10314ms] [LOG] Dynamic Script Loaded: https://g.alicdn.com/merchant-micro-mods/guanghe-workspace/0.0.135/js/remoteEntry.js @ https://g.alicdn.com/mtb-guang/guanghe-creator/4.0.62/js/main.js:0
[   10509ms] [WARNING] 内容中心埋点： /guanghe.home_new_sidebar.manage_list_202311_exp {version: 1} @ https://g.alicdn.com/mtb-guang/guanghe-creator/4.0.62/js/main.js:0
[   10509ms] [WARNING] 内容中心埋点： /guanghe.home_new_sidebar.Cllection_Management_menu_show {version: 1} @ https://g.alicdn.com/mtb-guang/guanghe-creator/4.0.62/js/main.js:0
[   10518ms] [INFO] %c%s%c%s%c%s%c%s color:#b1b1b1;margin-right:8px;margin-left: 10px 14:42:51 background-color:#1890ff;color:black;display:inline-block;border-radius:4px;padding-left:4px;padding-right:4px;margin-right:8px; INF background-color:#6cfdf3;color:black;display:inline-block;border-radius:4px;padding-left:4px;padding-right:4px;margin-right:8px; scenario-widget color:#b1b1b1; [SW] VERSION:1.7.51 ENV:undefined {} @ https://g.alicdn.com/service-hall/scenario-widget/1.7.51/index.js:13
[   10531ms] [WARNING] 内容中心埋点： /guangzijs.28665363.contentmanagement_gzjs_menubar_exp {version: 1} @ https://g.alicdn.com/mtb-guang/guanghe-creator/4.0.62/js/main.js:0
[   10640ms] [INFO] 未获取到缓存信息，使用默认配置 @ https://g.alicdn.com/service-hall/scenario-widget/1.7.51/index.js:42
[   10641ms] [INFO] %c%s%c%s%c%s%c%s color:#b1b1b1;margin-right:8px;margin-left: 10px 14:42:51 background-color:#1890ff;color:black;display:inline-block;border-radius:4px;padding-left:4px;padding-right:4px;margin-right:8px; INF background-color:#6cfdf3;color:black;display:inline-block;border-radius:4px;padding-left:4px;padding-right:4px;margin-right:8px; message-queue color:#b1b1b1; AccsInstance.send {0: service_hall_action, 1: Object} @ https://g.alicdn.com/service-hall/scenario-widget/1.7.51/index.js:13
[   10741ms] [INFO] %c%s%c%s%c%s%c%s color:#b1b1b1;margin-right:8px;margin-left: 10px 14:42:52 background-color:#1890ff;color:black;display:inline-block;border-radius:4px;padding-left:4px;padding-right:4px;margin-right:8px; INF background-color:#6cfdf3;color:black;display:inline-block;border-radius:4px;padding-left:4px;padding-right:4px;margin-right:8px; message-queue color:#b1b1b1; AccsInstance.send {0: service_hall_action, 1: t} @ https://g.alicdn.com/service-hall/scenario-widget/1.7.51/index.js:13
[   11182ms] [WARNING] 页面埋点： /guanghe.Page_MyContent.HotScoreTag-Exp EXP {contentId: 564774603013, user_identity: 0} @ https://g.alicdn.com/merchant-micro-mods/guanghe-workspace/0.0.135/js/98.de2302f7.chunk.js:0
[   11182ms] [WARNING] 页面埋点： /guanghe.Page_MyContent.Show-ContentCard EXP {content_id: 373786325766, user_identity: 0} @ https://g.alicdn.com/merchant-micro-mods/guanghe-workspace/0.0.135/js/98.de2302f7.chunk.js:0
[   11183ms] [WARNING] 页面埋点： /guanghe.page_mycontent.gzjs_exp EXP {traceInfo: +creator_contentmanagement+125+1500381+plan+5+000000+0} @ https://g.alicdn.com/merchant-micro-mods/guanghe-workspace/0.0.135/js/98.de2302f7.chunk.js:0
[   11183ms] [WARNING] 页面埋点： /guanghe.Page_MyContent.Show-ContentCard EXP {content_id: 377221692344, user_identity: 0} @ https://g.alicdn.com/merchant-micro-mods/guanghe-workspace/0.0.135/js/98.de2302f7.chunk.js:0
[   11183ms] [WARNING] 页面埋点： /guanghe.page_mycontent.gzjs_exp EXP {traceInfo: +creator_contentmanagement+125+1500381+plan+5+000000+0} @ https://g.alicdn.com/merchant-micro-mods/guanghe-workspace/0.0.135/js/98.de2302f7.chunk.js:0
[   11183ms] [WARNING] 页面埋点： /guanghe.Page_MyContent.Show-ContentCard EXP {content_id: 564774603013, user_identity: 0} @ https://g.alicdn.com/merchant-micro-mods/guanghe-workspace/0.0.135/js/98.de2302f7.chunk.js:0
[   11183ms] [WARNING] 页面埋点： /guanghe.page_mycontent.gzjs_exp EXP {traceInfo: +creator_contentmanagement+125+1500381+plan+5+000000+0} @ https://g.alicdn.com/merchant-micro-mods/guanghe-workspace/0.0.135/js/98.de2302f7.chunk.js:0
[   12610ms] [WARNING] 内容中心埋点： /guanghe.home.message-newest-exposure EXP {message_id: 46376938188, uniqueId: tp10256_3894448398_20260524_3894448398, notice_type: 4, role: creator} @ https://g.alicdn.com/mtb-guang/guanghe-creator/4.0.62/js/main.js:0
[   14173ms] [WARNING] xxxx-page:/page/workspace/tb - tti:923 @ https://g.alicdn.com/mtb-guang/guanghe-creator/4.0.62/js/main.js:0
[   14757ms] [WARNING] 页面埋点： /guanghe.Page_MyContent.Show-ContentCard EXP {content_id: 565236424727, user_identity: 0} @ https://g.alicdn.com/merchant-micro-mods/guanghe-workspace/0.0.135/js/98.de2302f7.chunk.js:0
[   14759ms] [WARNING] 页面埋点： /guanghe.page_mycontent.gzjs_exp EXP {traceInfo: +creator_contentmanagement+125+1500381+plan+5+000000+0} @ https://g.alicdn.com/merchant-micro-mods/guanghe-workspace/0.0.135/js/98.de2302f7.chunk.js:0
[   14979ms] [WARNING] 页面埋点： /guanghe.Page_MyContent.HotScoreTag-Exp EXP {contentId: 565236424727, user_identity: 0} @ https://g.alicdn.com/merchant-micro-mods/guanghe-workspace/0.0.135/js/98.de2302f7.chunk.js:0
[   17143ms] [WARNING] 页面埋点： /guanghe.Page_MyContent.Button-ContentEdit CLK {content_id: 564774603013, user_identity: 0} @ https://g.alicdn.com/merchant-micro-mods/guanghe-workspace/0.0.135/js/98.de2302f7.chunk.js:0
[   42221ms] [WARNING] 内容中心埋点： /guangzijs.28665363.contentmanagement_gzjs_menubar_clk {version: 1, type: 1} @ https://g.alicdn.com/mtb-guang/guanghe-creator/4.0.62/js/main.js:0
[   42232ms] [LOG] Remote module css Link Removed: https://g.alicdn.com/merchant-micro-mods/guanghe-workspace/0.0.135/css/MultiWorkList.9f68b4a2.chunk.css @ https://g.alicdn.com/mtb-guang/guanghe-creator/4.0.62/js/main.js:0
[   42234ms] [LOG] ====== routeChange ====== /business/FlowOpen [] @ https://g.alicdn.com/mtb-guang/guanghe-creator/4.0.62/js/main.js:0
[   42238ms] [LOG] [32m[1m✅ 4994840936
1779950603564[0m @ https://g.alicdn.com/mtb-guang/guanghe-creator/4.0.62/js/main.js:0
[   42339ms] [LOG] guanghe-business mount [Object] @ https://g.alicdn.com/merchant-micro-apps/guanghe-business/0.0.114/js/main.js:0
[   42351ms] [LOG] %c [APLUS] -- APLUS INIT SUCCESS background:#3B82FE; padding: 4px; padding-right: 8px; border-radius: 4px; color: #fff; @ https://g.alicdn.com/merchant-micro-apps/guanghe-business/0.0.114/js/main.js:0
[   42475ms] [LOG] {loading: true, data: undefined, error: undefined, params: Array(0), cancel: } bpReq @ https://g.alicdn.com/merchant-micro-apps/guanghe-business/0.0.114/js/p_flowopen-index.js:0
[   42477ms] [LOG] {loading: true, data: undefined, error: undefined, params: Array(0), cancel: } bpReq @ https://g.alicdn.com/merchant-micro-apps/guanghe-business/0.0.114/js/p_flowopen-index.js:0
[   42494ms] [INFO] %c%s%c%s%c%s%c%s color:#b1b1b1;margin-right:8px;margin-left: 10px 14:43:23 background-color:#1890ff;color:black;display:inline-block;border-radius:4px;padding-left:4px;padding-right:4px;margin-right:8px; INF background-color:#6cfdf3;color:black;display:inline-block;border-radius:4px;padding-left:4px;padding-right:4px;margin-right:8px; scenario-widget color:#b1b1b1; [SW] VERSION:1.7.51 ENV:undefined {} @ https://g.alicdn.com/service-hall/scenario-widget/1.7.51/index.js:13
[   42591ms] [LOG] {loading: false, data: Object, error: undefined, params: Array(0), cancel: } bpReq @ https://g.alicdn.com/merchant-micro-apps/guanghe-business/0.0.114/js/p_flowopen-index.js:0
[   42890ms] [LOG] 主线程卡顿监听已启动 @ https://g.alicdn.com/mm/onebp/20260528.102414.436/boot.js:0
[   43153ms] [INFO] 未获取到缓存信息，使用默认配置 @ https://g.alicdn.com/service-hall/scenario-widget/1.7.51/index.js:42
[   43155ms] [INFO] %c%s%c%s%c%s%c%s color:#b1b1b1;margin-right:8px;margin-left: 10px 14:43:24 background-color:#1890ff;color:black;display:inline-block;border-radius:4px;padding-left:4px;padding-right:4px;margin-right:8px; INF background-color:#6cfdf3;color:black;display:inline-block;border-radius:4px;padding-left:4px;padding-right:4px;margin-right:8px; message-queue color:#b1b1b1; AccsInstance.send {0: service_hall_action, 1: Object} @ https://g.alicdn.com/service-hall/scenario-widget/1.7.51/index.js:13
[   43284ms] [INFO] %c%s%c%s%c%s%c%s color:#b1b1b1;margin-right:8px;margin-left: 10px 14:43:24 background-color:#1890ff;color:black;display:inline-block;border-radius:4px;padding-left:4px;padding-right:4px;margin-right:8px; INF background-color:#6cfdf3;color:black;display:inline-block;border-radius:4px;padding-left:4px;padding-right:4px;margin-right:8px; message-queue color:#b1b1b1; AccsInstance.send {0: service_hall_action, 1: t} @ https://g.alicdn.com/service-hall/scenario-widget/1.7.51/index.js:13
[   43553ms] [LOG] 主线程卡顿监听已启动 @ https://g.alicdn.com/mm/onebp/20260528.102414.436/boot.js:0
[   43639ms] [LOG] index.html 加载性能指标: {dnsTime: 0, requestStart: 0.6999998092651367, requestTime: 556.1000001430511, requestWaitTime: 0.2999999523162842} @ https://g.alicdn.com/mm/onebp/20260528.102414.436/boot.js:0
[   43639ms] [LOG] magix启动耗时 {bootStartTime: 559, totalTime: 644.5, requestStart: 556.7999999523163, requestTime: 63.89999985694885, findMenuList步骤最大耗时任务: } @ https://g.alicdn.com/mm/onebp/20260528.102414.436/boot.js:0
[   43639ms] [LOG] index.html 加载性能指标: {name: performance-index, startTime: 556.7999999523163, duration: 556.1000001430511, c1: 0, c2: 0.2999999523162842} @ https://g.alicdn.com/mm/onebp/20260528.102414.436/boot.js:0
[   44604ms] [LOG] {loading: false, data: Object, error: undefined, params: Array(0), cancel: } bpReq @ https://g.alicdn.com/merchant-micro-apps/guanghe-business/0.0.114/js/p_flowopen-index.js:0
[   44632ms] [ERROR] Failed to load resource: net::ERR_CONNECTION_CLOSED @ https://fourier.taobao.com/rp?ext=51&data=jm_xsyeIsz3yEkCAXPsr4+qW+4B&random=28557179941242605&href=https%3A%2F%2F1bp.taobao.com%2Findex.html%23!%2Flogin%2Findex%3FmxredirectUrl%3D%2523!%252Fguanghe%252Ferror%253FbizCode%253DonebpShortVideo%2526nick%253D%2525E4%2525B9%25259D%2525E9%252598%2525B3%2525E8%2525B1%252586%2525E6%2525B5%252586%2525E6%252597%252597%2525E8%252588%2525B0%2525E5%2525BA%252597%2526accessInfo%253D%2525E5%2525AD%252590%2525E8%2525B4%2525A6%2525E5%25258F%2525B7%2525E6%252597%2525A0%2525E6%25259D%252583%2525E5%252587%252586%2525E5%252585%2525A5%2526sourceChannel%253Dlight%2526channelLocation%253Dshop_contentmanagement_increasetraffic&protocol=https:&callback=jsonpCallback:0
[   44662ms] [LOG] Thu May 28 2026 14:43:25 GMT+0800 (中国标准时间) @ https://g.alicdn.com/AWSC/et/1.83.41/et_f.js:1
[   45856ms] [WARNING] 内容中心埋点： /guanghe.home_new_sidebar.Cllection_Management_menu_click {version: 1, type: 1} @ https://g.alicdn.com/mtb-guang/guanghe-creator/4.0.62/js/main.js:0
[   45875ms] [WARNING] xxxx-page:/page/business/FlowOpen - tti:2370 @ https://g.alicdn.com/mtb-guang/guanghe-creator/4.0.62/js/main.js:0
[   45876ms] [LOG] ====== routeChange ====== /unify/collection [] @ https://g.alicdn.com/mtb-guang/guanghe-creator/4.0.62/js/main.js:0
[   45882ms] [LOG] guanghe-business unmount @ https://g.alicdn.com/merchant-micro-apps/guanghe-business/0.0.114/js/main.js:0
[   45882ms] [LOG] [32m[1m✅ 4994840936
1779950607207[0m @ https://g.alicdn.com/mtb-guang/guanghe-creator/4.0.62/js/main.js:0
[   45953ms] [LOG] guanghe-creator mount @ https://g.alicdn.com/merchant-micro-apps/guanghe-creator/0.3.129/js/main.js:0
[   45969ms] [LOG] %c [APLUS] -- APLUS INIT SUCCESS background:#3B82FE; padding: 4px; padding-right: 8px; border-radius: 4px; color: #fff; @ https://g.alicdn.com/merchant-micro-apps/guanghe-creator/0.3.129/js/main.js:0
[   46034ms] [INFO] %c%s%c%s%c%s%c%s color:#b1b1b1;margin-right:8px;margin-left: 10px 14:43:27 background-color:#1890ff;color:black;display:inline-block;border-radius:4px;padding-left:4px;padding-right:4px;margin-right:8px; INF background-color:#6cfdf3;color:black;display:inline-block;border-radius:4px;padding-left:4px;padding-right:4px;margin-right:8px; scenario-widget color:#b1b1b1; [SW] VERSION:1.7.51 ENV:undefined {} @ https://g.alicdn.com/service-hall/scenario-widget/1.7.51/index.js:13
[   46059ms] [WARNING] Can not find meta element. @ https://g.alicdn.com/merchant-micro-apps/guanghe-creator/0.3.129/js/main.js:0
[   46075ms] [WARNING] Can not find meta element. @ https://g.alicdn.com/merchant-micro-apps/guanghe-creator/0.3.129/js/main.js:0
[   46080ms] [LOG] Dynamic Script Loaded: https://g.alicdn.com/merchant-micro-mods/guanghe-workspace/0.0.135/js/remoteEntry.js @ https://g.alicdn.com/merchant-micro-apps/guanghe-creator/0.3.129/js/main.js:0
[   46144ms] [INFO] 未获取到缓存信息，使用默认配置 @ https://g.alicdn.com/service-hall/scenario-widget/1.7.51/index.js:42
[   46145ms] [INFO] %c%s%c%s%c%s%c%s color:#b1b1b1;margin-right:8px;margin-left: 10px 14:43:27 background-color:#1890ff;color:black;display:inline-block;border-radius:4px;padding-left:4px;padding-right:4px;margin-right:8px; INF background-color:#6cfdf3;color:black;display:inline-block;border-radius:4px;padding-left:4px;padding-right:4px;margin-right:8px; message-queue color:#b1b1b1; AccsInstance.send {0: service_hall_action, 1: Object} @ https://g.alicdn.com/service-hall/scenario-widget/1.7.51/index.js:13
[   46161ms] [WARNING] 页面埋点： /guanghe.Page_Collection.Collection_PageShow EXP {} @ https://g.alicdn.com/merchant-micro-mods/guanghe-workspace/0.0.135/js/Collection.66bf9e86.chunk.js:0
[   46196ms] [INFO] %c%s%c%s%c%s%c%s color:#b1b1b1;margin-right:8px;margin-left: 10px 14:43:27 background-color:#1890ff;color:black;display:inline-block;border-radius:4px;padding-left:4px;padding-right:4px;margin-right:8px; INF background-color:#6cfdf3;color:black;display:inline-block;border-radius:4px;padding-left:4px;padding-right:4px;margin-right:8px; message-queue color:#b1b1b1; AccsInstance.send {0: service_hall_action, 1: t} @ https://g.alicdn.com/service-hall/scenario-widget/1.7.51/index.js:13
[   47955ms] [WARNING] 内容中心埋点： /guanghe.home_new_sidebar.manage_list_202311_click {version: 1, type: 1} @ https://g.alicdn.com/mtb-guang/guanghe-creator/4.0.62/js/main.js:0
[   47964ms] [WARNING] xxxx-page:/page/unify/collection - tti:541 @ https://g.alicdn.com/mtb-guang/guanghe-creator/4.0.62/js/main.js:0
[   47964ms] [LOG] ====== routeChange ====== /workspace/tb [] @ https://g.alicdn.com/mtb-guang/guanghe-creator/4.0.62/js/main.js:0
[   47975ms] [LOG] guanghe-creator unmount @ https://g.alicdn.com/merchant-micro-apps/guanghe-creator/0.3.129/js/main.js:0
[   47975ms] [LOG] [32m[1m✅ 4994840936
1779950609295[0m @ https://g.alicdn.com/mtb-guang/guanghe-creator/4.0.62/js/main.js:0
[   47976ms] [LOG] Remote module css Link Removed: https://g.alicdn.com/merchant-micro-mods/guanghe-workspace/0.0.135/css/Collection.554a834d.chunk.css @ https://g.alicdn.com/merchant-micro-apps/guanghe-creator/0.3.129/js/main.js:0
[   47982ms] [WARNING] Can not find meta element. @ https://g.alicdn.com/mtb-guang/guanghe-creator/4.0.62/js/main.js:0
[   48005ms] [LOG] Dynamic Script Loaded: https://g.alicdn.com/merchant-micro-mods/guanghe-workspace/0.0.135/js/remoteEntry.js @ https://g.alicdn.com/mtb-guang/guanghe-creator/4.0.62/js/main.js:0
[   48185ms] [INFO] %c%s%c%s%c%s%c%s color:#b1b1b1;margin-right:8px;margin-left: 10px 14:43:29 background-color:#1890ff;color:black;display:inline-block;border-radius:4px;padding-left:4px;padding-right:4px;margin-right:8px; INF background-color:#6cfdf3;color:black;display:inline-block;border-radius:4px;padding-left:4px;padding-right:4px;margin-right:8px; scenario-widget color:#b1b1b1; [SW] VERSION:1.7.51 ENV:undefined {} @ https://g.alicdn.com/service-hall/scenario-widget/1.7.51/index.js:13
[   48307ms] [INFO] 未获取到缓存信息，使用默认配置 @ https://g.alicdn.com/service-hall/scenario-widget/1.7.51/index.js:42
[   48308ms] [INFO] %c%s%c%s%c%s%c%s color:#b1b1b1;margin-right:8px;margin-left: 10px 14:43:29 background-color:#1890ff;color:black;display:inline-block;border-radius:4px;padding-left:4px;padding-right:4px;margin-right:8px; INF background-color:#6cfdf3;color:black;display:inline-block;border-radius:4px;padding-left:4px;padding-right:4px;margin-right:8px; message-queue color:#b1b1b1; AccsInstance.send {0: service_hall_action, 1: Object} @ https://g.alicdn.com/service-hall/scenario-widget/1.7.51/index.js:13
[   48363ms] [INFO] %c%s%c%s%c%s%c%s color:#b1b1b1;margin-right:8px;margin-left: 10px 14:43:29 background-color:#1890ff;color:black;display:inline-block;border-radius:4px;padding-left:4px;padding-right:4px;margin-right:8px; INF background-color:#6cfdf3;color:black;display:inline-block;border-radius:4px;padding-left:4px;padding-right:4px;margin-right:8px; message-queue color:#b1b1b1; AccsInstance.send {0: service_hall_action, 1: t} @ https://g.alicdn.com/service-hall/scenario-widget/1.7.51/index.js:13
[   48878ms] [WARNING] 页面埋点： /guanghe.Page_MyContent.HotScoreTag-Exp EXP {contentId: 564774603013, user_identity: 0} @ https://g.alicdn.com/merchant-micro-mods/guanghe-workspace/0.0.135/js/Collection.66bf9e86.chunk.js:0
[   48878ms] [WARNING] 页面埋点： /guanghe.Page_MyContent.Show-ContentCard EXP {content_id: 373786325766, user_identity: 0} @ https://g.alicdn.com/merchant-micro-mods/guanghe-workspace/0.0.135/js/Collection.66bf9e86.chunk.js:0
[   48879ms] [WARNING] 页面埋点： /guanghe.page_mycontent.gzjs_exp EXP {traceInfo: +creator_contentmanagement+125+1500381+plan+5+000000+0} @ https://g.alicdn.com/merchant-micro-mods/guanghe-workspace/0.0.135/js/Collection.66bf9e86.chunk.js:0
[   48879ms] [WARNING] 页面埋点： /guanghe.Page_MyContent.Show-ContentCard EXP {content_id: 377221692344, user_identity: 0} @ https://g.alicdn.com/merchant-micro-mods/guanghe-workspace/0.0.135/js/Collection.66bf9e86.chunk.js:0
[   48879ms] [WARNING] 页面埋点： /guanghe.page_mycontent.gzjs_exp EXP {traceInfo: +creator_contentmanagement+125+1500381+plan+5+000000+0} @ https://g.alicdn.com/merchant-micro-mods/guanghe-workspace/0.0.135/js/Collection.66bf9e86.chunk.js:0
[   48879ms] [WARNING] 页面埋点： /guanghe.Page_MyContent.Show-ContentCard EXP {content_id: 564774603013, user_identity: 0} @ https://g.alicdn.com/merchant-micro-mods/guanghe-workspace/0.0.135/js/Collection.66bf9e86.chunk.js:0
[   48879ms] [WARNING] 页面埋点： /guanghe.page_mycontent.gzjs_exp EXP {traceInfo: +creator_contentmanagement+125+1500381+plan+5+000000+0} @ https://g.alicdn.com/merchant-micro-mods/guanghe-workspace/0.0.135/js/Collection.66bf9e86.chunk.js:0
[   51870ms] [WARNING] xxxx-page:/page/workspace/tb - tti:905 @ https://g.alicdn.com/mtb-guang/guanghe-creator/4.0.62/js/main.js:0
[   57606ms] [WARNING] 页面埋点： /guanghe.Page_MyContent.Show-ContentCard EXP {content_id: 565236424727, user_identity: 0} @ https://g.alicdn.com/merchant-micro-mods/guanghe-workspace/0.0.135/js/Collection.66bf9e86.chunk.js:0
[   57607ms] [WARNING] 页面埋点： /guanghe.page_mycontent.gzjs_exp EXP {traceInfo: +creator_contentmanagement+125+1500381+plan+5+000000+0} @ https://g.alicdn.com/merchant-micro-mods/guanghe-workspace/0.0.135/js/Collection.66bf9e86.chunk.js:0
[   57622ms] [WARNING] 页面埋点： /guanghe.Page_MyContent.HotScoreTag-Exp EXP {contentId: 565236424727, user_identity: 0} @ https://g.alicdn.com/merchant-micro-mods/guanghe-workspace/0.0.135/js/Collection.66bf9e86.chunk.js:0
[   57654ms] [WARNING] 页面埋点： /guanghe.Page_MyContent.Show-ContentCard EXP {content_id: 546419028201, user_identity: 0} @ https://g.alicdn.com/merchant-micro-mods/guanghe-workspace/0.0.135/js/Collection.66bf9e86.chunk.js:0
[   57655ms] [WARNING] 页面埋点： /guanghe.page_mycontent.gzjs_exp EXP {traceInfo: +creator_contentmanagement+125+1500381+plan+5+000000+0} @ https://g.alicdn.com/merchant-micro-mods/guanghe-workspace/0.0.135/js/Collection.66bf9e86.chunk.js:0
[   57688ms] [WARNING] 页面埋点： /guanghe.Page_MyContent.Show-ContentCard EXP {content_id: 546257802320, user_identity: 0} @ https://g.alicdn.com/merchant-micro-mods/guanghe-workspace/0.0.135/js/Collection.66bf9e86.chunk.js:0
[   57689ms] [WARNING] 页面埋点： /guanghe.page_mycontent.gzjs_exp EXP {traceInfo: +creator_contentmanagement+125+1500381+plan+5+000000+0} @ https://g.alicdn.com/merchant-micro-mods/guanghe-workspace/0.0.135/js/Collection.66bf9e86.chunk.js:0
[   57712ms] [WARNING] 页面埋点： /guanghe.Page_MyContent.Show-ContentCard EXP {content_id: 544007317789, user_identity: 0} @ https://g.alicdn.com/merchant-micro-mods/guanghe-workspace/0.0.135/js/Collection.66bf9e86.chunk.js:0
[   57722ms] [WARNING] 页面埋点： /guanghe.page_mycontent.gzjs_exp EXP {traceInfo: +creator_contentmanagement+125+1500381+plan+5+000000+0} @ https://g.alicdn.com/merchant-micro-mods/guanghe-workspace/0.0.135/js/Collection.66bf9e86.chunk.js:0
[   57754ms] [WARNING] 页面埋点： /guanghe.Page_MyContent.Show-ContentCard EXP {content_id: 543992546755, user_identity: 0} @ https://g.alicdn.com/merchant-micro-mods/guanghe-workspace/0.0.135/js/Collection.66bf9e86.chunk.js:0
[   57755ms] [WARNING] 页面埋点： /guanghe.page_mycontent.gzjs_exp EXP {traceInfo: +creator_contentmanagement+125+1500381+plan+5+000000+0} @ https://g.alicdn.com/merchant-micro-mods/guanghe-workspace/0.0.135/js/Collection.66bf9e86.chunk.js:0
[   57787ms] [WARNING] 页面埋点： /guanghe.Page_MyContent.Show-ContentCard EXP {content_id: 541144099878, user_identity: 0} @ https://g.alicdn.com/merchant-micro-mods/guanghe-workspace/0.0.135/js/Collection.66bf9e86.chunk.js:0
[   57788ms] [WARNING] 页面埋点： /guanghe.page_mycontent.gzjs_exp EXP {traceInfo: +creator_contentmanagement+125+1500381+plan+5+000000+0} @ https://g.alicdn.com/merchant-micro-mods/guanghe-workspace/0.0.135/js/Collection.66bf9e86.chunk.js:0
[   57830ms] [WARNING] 页面埋点： /guanghe.Page_MyContent.Show-ContentCard EXP {content_id: 541234942684, user_identity: 0} @ https://g.alicdn.com/merchant-micro-mods/guanghe-workspace/0.0.135/js/Collection.66bf9e86.chunk.js:0
[   57838ms] [WARNING] 页面埋点： /guanghe.page_mycontent.gzjs_exp EXP {traceInfo: +creator_contentmanagement+125+1500381+plan+5+000000+0} @ https://g.alicdn.com/merchant-micro-mods/guanghe-workspace/0.0.135/js/Collection.66bf9e86.chunk.js:0
[   60862ms] [WARNING] 页面埋点： /guanghe.Page_MyContent.Show-ContentCard EXP {content_id: 541352200534, user_identity: 0} @ https://g.alicdn.com/merchant-micro-mods/guanghe-workspace/0.0.135/js/Collection.66bf9e86.chunk.js:0
[   60863ms] [WARNING] 页面埋点： /guanghe.page_mycontent.gzjs_exp EXP {traceInfo: +creator_contentmanagement+125+1500381+plan+5+000000+0} @ https://g.alicdn.com/merchant-micro-mods/guanghe-workspace/0.0.135/js/Collection.66bf9e86.chunk.js:0
[   60905ms] [WARNING] 页面埋点： /guanghe.Page_MyContent.Show-ContentCard EXP {content_id: 541351848004, user_identity: 0} @ https://g.alicdn.com/merchant-micro-mods/guanghe-workspace/0.0.135/js/Collection.66bf9e86.chunk.js:0
[   60906ms] [WARNING] 页面埋点： /guanghe.page_mycontent.gzjs_exp EXP {traceInfo: +creator_contentmanagement+125+1500381+plan+5+000000+0} @ https://g.alicdn.com/merchant-micro-mods/guanghe-workspace/0.0.135/js/Collection.66bf9e86.chunk.js:0
[   60947ms] [WARNING] 页面埋点： /guanghe.Page_MyContent.Show-ContentCard EXP {content_id: 541224929604, user_identity: 0} @ https://g.alicdn.com/merchant-micro-mods/guanghe-workspace/0.0.135/js/Collection.66bf9e86.chunk.js:0
[   60954ms] [WARNING] 页面埋点： /guanghe.page_mycontent.gzjs_exp EXP {traceInfo: +creator_contentmanagement+125+1500381+plan+5+000000+0} @ https://g.alicdn.com/merchant-micro-mods/guanghe-workspace/0.0.135/js/Collection.66bf9e86.chunk.js:0
[   61005ms] [WARNING] 页面埋点： /guanghe.Page_MyContent.Show-ContentCard EXP {content_id: 541230130756, user_identity: 0} @ https://g.alicdn.com/merchant-micro-mods/guanghe-workspace/0.0.135/js/Collection.66bf9e86.chunk.js:0
[   61006ms] [WARNING] 页面埋点： /guanghe.page_mycontent.gzjs_exp EXP {traceInfo: +creator_contentmanagement+125+1500381+plan+5+000000+0} @ https://g.alicdn.com/merchant-micro-mods/guanghe-workspace/0.0.135/js/Collection.66bf9e86.chunk.js:0
[   70381ms] [WARNING] 内容中心埋点： /guanghe.home_new_sidebar.create_202311_click {} @ https://g.alicdn.com/mtb-guang/guanghe-creator/4.0.62/js/main.js:0
[   70510ms] [WARNING] 内容中心埋点： /guanghe.home_new_sidebar.create_tool_202311_exp {version: 1} @ https://g.alicdn.com/mtb-guang/guanghe-creator/4.0.62/js/main.js:0
[   71442ms] [WARNING] 内容中心埋点： /guanghe.home_new_sidebar.collaborate_202311_click {} @ https://g.alicdn.com/mtb-guang/guanghe-creator/4.0.62/js/main.js:0
[   71488ms] [WARNING] 内容中心埋点： /guanghe.home_new_sidebar.collaborate_buyer_202311_exp {version: 1} @ https://g.alicdn.com/mtb-guang/guanghe-creator/4.0.62/js/main.js:0
[   71547ms] [WARNING] 内容中心埋点： /guanghe.home_new_sidebar.collaborate_trial_202311_exp {version: 1} @ https://g.alicdn.com/mtb-guang/guanghe-creator/4.0.62/js/main.js:0
[   71606ms] [WARNING] 内容中心埋点： /guanghe.home_new_sidebar.collaborate_commission_202311_exp {version: 1} @ https://g.alicdn.com/mtb-guang/guanghe-creator/4.0.62/js/main.js:0
[   71681ms] [WARNING] 内容中心埋点： /guanghe.home_new_sidebar.collaborate_order_202311_exp {version: 1} @ https://g.alicdn.com/mtb-guang/guanghe-creator/4.0.62/js/main.js:0
[   73781ms] [WARNING] 内容中心埋点： /guanghe.home_new_sidebar.Cllection_Management_menu_click {version: 1, type: 1} @ https://g.alicdn.com/mtb-guang/guanghe-creator/4.0.62/js/main.js:0
[   73794ms] [LOG] Remote module css Link Removed: https://g.alicdn.com/merchant-micro-mods/guanghe-workspace/0.0.135/css/MultiWorkList.9f68b4a2.chunk.css @ https://g.alicdn.com/mtb-guang/guanghe-creator/4.0.62/js/main.js:0
[   73799ms] [LOG] ====== routeChange ====== /unify/collection [] @ https://g.alicdn.com/mtb-guang/guanghe-creator/4.0.62/js/main.js:0
[   73807ms] [LOG] [32m[1m✅ 4994840936
1779950635127[0m @ https://g.alicdn.com/mtb-guang/guanghe-creator/4.0.62/js/main.js:0
[   73822ms] [LOG] guanghe-creator mount @ https://g.alicdn.com/merchant-micro-apps/guanghe-creator/0.3.129/js/main.js:0
[   73844ms] [LOG] %c [APLUS] -- APLUS INIT SUCCESS background:#3B82FE; padding: 4px; padding-right: 8px; border-radius: 4px; color: #fff; @ https://g.alicdn.com/merchant-micro-apps/guanghe-creator/0.3.129/js/main.js:0
[   73934ms] [INFO] %c%s%c%s%c%s%c%s color:#b1b1b1;margin-right:8px;margin-left: 10px 14:43:55 background-color:#1890ff;color:black;display:inline-block;border-radius:4px;padding-left:4px;padding-right:4px;margin-right:8px; INF background-color:#6cfdf3;color:black;display:inline-block;border-radius:4px;padding-left:4px;padding-right:4px;margin-right:8px; scenario-widget color:#b1b1b1; [SW] VERSION:1.7.51 ENV:undefined {} @ https://g.alicdn.com/service-hall/scenario-widget/1.7.51/index.js:13
[   73950ms] [WARNING] Can not find meta element. @ https://g.alicdn.com/merchant-micro-apps/guanghe-creator/0.3.129/js/main.js:0
[   73950ms] [WARNING] Can not find meta element. @ https://g.alicdn.com/merchant-micro-apps/guanghe-creator/0.3.129/js/main.js:0
[   73955ms] [LOG] Dynamic Script Loaded: https://g.alicdn.com/merchant-micro-mods/guanghe-workspace/0.0.135/js/remoteEntry.js @ https://g.alicdn.com/merchant-micro-apps/guanghe-creator/0.3.129/js/main.js:0
[   73975ms] [WARNING] 页面埋点： /guanghe.Page_Collection.Collection_PageShow EXP {} @ https://g.alicdn.com/merchant-micro-mods/guanghe-workspace/0.0.135/js/Collection.66bf9e86.chunk.js:0
[   74039ms] [INFO] 未获取到缓存信息，使用默认配置 @ https://g.alicdn.com/service-hall/scenario-widget/1.7.51/index.js:42
[   74040ms] [INFO] %c%s%c%s%c%s%c%s color:#b1b1b1;margin-right:8px;margin-left: 10px 14:43:55 background-color:#1890ff;color:black;display:inline-block;border-radius:4px;padding-left:4px;padding-right:4px;margin-right:8px; INF background-color:#6cfdf3;color:black;display:inline-block;border-radius:4px;padding-left:4px;padding-right:4px;margin-right:8px; message-queue color:#b1b1b1; AccsInstance.send {0: service_hall_action, 1: Object} @ https://g.alicdn.com/service-hall/scenario-widget/1.7.51/index.js:13
[   74189ms] [INFO] %c%s%c%s%c%s%c%s color:#b1b1b1;margin-right:8px;margin-left: 10px 14:43:55 background-color:#1890ff;color:black;display:inline-block;border-radius:4px;padding-left:4px;padding-right:4px;margin-right:8px; INF background-color:#6cfdf3;color:black;display:inline-block;border-radius:4px;padding-left:4px;padding-right:4px;margin-right:8px; message-queue color:#b1b1b1; AccsInstance.send {0: service_hall_action, 1: t} @ https://g.alicdn.com/service-hall/scenario-widget/1.7.51/index.js:13
[   75713ms] [WARNING] 内容中心埋点： /guanghe.home_new_sidebar.data_seller202310_menu_click {} @ https://g.alicdn.com/mtb-guang/guanghe-creator/4.0.62/js/main.js:0
[   75759ms] [WARNING] 内容中心埋点： /guanghe.home_new_sidebar.data_seller202310_menu_overview_exp {version: 1} @ https://g.alicdn.com/mtb-guang/guanghe-creator/4.0.62/js/main.js:0
[   75818ms] [WARNING] 内容中心埋点： /guanghe.home_new_sidebar.data_seller202310_menu_self_exp {version: 1} @ https://g.alicdn.com/mtb-guang/guanghe-creator/4.0.62/js/main.js:0
[   76456ms] [WARNING] 内容中心埋点： /guanghe.home_new_sidebar.data_seller202310_menu_click {} @ https://g.alicdn.com/mtb-guang/guanghe-creator/4.0.62/js/main.js:0
[   77194ms] [WARNING] xxxx-page:/page/unify/collection - tti:395 @ https://g.alicdn.com/mtb-guang/guanghe-creator/4.0.62/js/main.js:0
[   78742ms] [WARNING] 内容中心埋点： /guanghe.home_new_sidebar.create_tool_202311_click {version: 1, type: 1} @ https://g.alicdn.com/mtb-guang/guanghe-creator/4.0.62/js/main.js:0
[   78749ms] [LOG] ====== routeChange ====== /unify/creation-tool [] @ https://g.alicdn.com/mtb-guang/guanghe-creator/4.0.62/js/main.js:0
[   78752ms] [LOG] [32m[1m✅ 4994840936
1779950640080[0m @ https://g.alicdn.com/mtb-guang/guanghe-creator/4.0.62/js/main.js:0
[   78808ms] [WARNING] Can not find meta element. @ https://g.alicdn.com/merchant-micro-apps/guanghe-creator/0.3.129/js/main.js:0
[   78814ms] [LOG] Remote module css Link Removed: https://g.alicdn.com/merchant-micro-mods/guanghe-workspace/0.0.135/css/Collection.554a834d.chunk.css @ https://g.alicdn.com/merchant-micro-apps/guanghe-creator/0.3.129/js/main.js:0
[   78814ms] [WARNING] 页面埋点： /guanghe_tools.template_center.page_pv EXP {} @ https://g.alicdn.com/merchant-micro-apps/guanghe-creator/0.3.129/js/main.js:0
[   78814ms] [WARNING] 页面埋点： /guanghe_tools.landing_page.toolsbox_page_Show EXP {} @ https://g.alicdn.com/merchant-micro-apps/guanghe-creator/0.3.129/js/main.js:0
[   79050ms] [INFO] %c%s%c%s%c%s%c%s color:#b1b1b1;margin-right:8px;margin-left: 10px 14:44:00 background-color:#1890ff;color:black;display:inline-block;border-radius:4px;padding-left:4px;padding-right:4px;margin-right:8px; INF background-color:#6cfdf3;color:black;display:inline-block;border-radius:4px;padding-left:4px;padding-right:4px;margin-right:8px; scenario-widget color:#b1b1b1; [SW] VERSION:1.7.51 ENV:undefined {} @ https://g.alicdn.com/service-hall/scenario-widget/1.7.51/index.js:13
[   79446ms] [INFO] 未获取到缓存信息，使用默认配置 @ https://g.alicdn.com/service-hall/scenario-widget/1.7.51/index.js:42
[   79448ms] [INFO] %c%s%c%s%c%s%c%s color:#b1b1b1;margin-right:8px;margin-left: 10px 14:44:00 background-color:#1890ff;color:black;display:inline-block;border-radius:4px;padding-left:4px;padding-right:4px;margin-right:8px; INF background-color:#6cfdf3;color:black;display:inline-block;border-radius:4px;padding-left:4px;padding-right:4px;margin-right:8px; message-queue color:#b1b1b1; AccsInstance.send {0: service_hall_action, 1: Object} @ https://g.alicdn.com/service-hall/scenario-widget/1.7.51/index.js:13
[   79575ms] [LOG] env--- prod @ https://g.alicdn.com/merchant-micro-mods/creation-tool/2.1.4/mf/js/__federation_expose_SnapClip.js:0
[   79589ms] [INFO] %c%s%c%s%c%s%c%s color:#b1b1b1;margin-right:8px;margin-left: 10px 14:44:00 background-color:#1890ff;color:black;display:inline-block;border-radius:4px;padding-left:4px;padding-right:4px;margin-right:8px; INF background-color:#6cfdf3;color:black;display:inline-block;border-radius:4px;padding-left:4px;padding-right:4px;margin-right:8px; message-queue color:#b1b1b1; AccsInstance.send {0: service_hall_action, 1: t} @ https://g.alicdn.com/service-hall/scenario-widget/1.7.51/index.js:13
[   80450ms] [WARNING] 内容中心埋点： Show-AccountSetting {} @ https://g.alicdn.com/mtb-guang/guanghe-creator/4.0.62/js/main.js:0
[   80452ms] [WARNING] 内容中心埋点： /guangheHome.Page_GuangheHome.Show-AccountSetting {} @ https://g.alicdn.com/mtb-guang/guanghe-creator/4.0.62/js/main.js:0
[   82595ms] [WARNING] xxxx-page:/page/unify/creation-tool - tti:845 @ https://g.alicdn.com/mtb-guang/guanghe-creator/4.0.62/js/main.js:0
[   83604ms] [WARNING] 内容中心埋点： /guanghe.home_new_sidebar.Sidebar-PostButton-exp {version: 1} @ https://g.alicdn.com/mtb-guang/guanghe-creator/4.0.62/js/main.js:0
[   83809ms] [LOG] [@ali/lib-mtop] The current page does not have the lib.windvane variable, automatically downgraded to H5 request @ https://g.alicdn.com/merchant-micro-mods/creation-tool/2.1.4/mf/js/__federation_expose_SnapClip.js:0
[   83824ms] [WARNING] 内容中心埋点： /guanghe.home_new_sidebar.plpost_show {} @ https://g.alicdn.com/mtb-guang/guanghe-creator/4.0.62/js/main.js:0
[   85901ms] [WARNING] 内容中心埋点： /guanghe.home_new_sidebar.Sidebar-PostVideo-click {version: 1} @ https://g.alicdn.com/mtb-guang/guanghe-creator/4.0.62/js/main.js:0
[   86023ms] [LOG] ====== routeChange ====== /pubNew/video [] @ https://g.alicdn.com/mtb-guang/guanghe-creator/4.0.62/js/main.js:0
[   86038ms] [LOG] guanghe-creator unmount @ https://g.alicdn.com/merchant-micro-apps/guanghe-creator/0.3.129/js/main.js:0
[   86038ms] [LOG] [32m[1m✅ 4994840936
1779950647355[0m @ https://g.alicdn.com/mtb-guang/guanghe-creator/4.0.62/js/main.js:0
[   86055ms] [WARNING] Can not find meta element. @ https://g.alicdn.com/mtb-guang/guanghe-creator/4.0.62/js/main.js:0
[   86135ms] [INFO] %c%s%c%s%c%s%c%s color:#b1b1b1;margin-right:8px;margin-left: 10px 14:44:07 background-color:#1890ff;color:black;display:inline-block;border-radius:4px;padding-left:4px;padding-right:4px;margin-right:8px; INF background-color:#6cfdf3;color:black;display:inline-block;border-radius:4px;padding-left:4px;padding-right:4px;margin-right:8px; scenario-widget color:#b1b1b1; [SW] VERSION:1.7.51 ENV:undefined {} @ https://g.alicdn.com/service-hall/scenario-widget/1.7.51/index.js:13
[   86332ms] [LOG] 版本 1.5.6 @ https://huodong.taobao.com/wow/z/guang/gg_publish/gg-video?ugc_scene=pc_newcreator_video&pageType=video&site=guangguang:850
[   86471ms] [INFO] 未获取到缓存信息，使用默认配置 @ https://g.alicdn.com/service-hall/scenario-widget/1.7.51/index.js:42
[   86472ms] [INFO] %c%s%c%s%c%s%c%s color:#b1b1b1;margin-right:8px;margin-left: 10px 14:44:07 background-color:#1890ff;color:black;display:inline-block;border-radius:4px;padding-left:4px;padding-right:4px;margin-right:8px; INF background-color:#6cfdf3;color:black;display:inline-block;border-radius:4px;padding-left:4px;padding-right:4px;margin-right:8px; message-queue color:#b1b1b1; AccsInstance.send {0: service_hall_action, 1: Object} @ https://g.alicdn.com/service-hall/scenario-widget/1.7.51/index.js:13
[   86481ms] [INFO] registerServiceWorker success: @ https://g.alicdn.com/??rax-pkg/object-assign/4.1.2/index.js,code/npm/@ali/pnpm-react/16.14.0/index.js,code/npm/@ali/pnpm-react-dom/16.14.0/index.js,code/npm/@ali/pnpm-publish-content-utils/2.0.4/index.js,code/npm/@ali/pnpm-uni--env/1.0.6/index.js,rax-pkg/universal-env/3.3.3/index.js,code/npm/@ali/universal-mtop/6.5.9/index.js,code/npm/@ali/pnpm-publish-next/1.0.8/index.js,code/npm/@ali/universal-user/9.1.0/index.js,code/npm/@ali/multimod-publish-content__app/1.5.6/index.js,code/npm/@ali/multimod-publish-content__config/1.5.6/index-pc.js,code/npm/@ali/multimod-publish-content__video-upload-v2/1.5.6/index-pc.js,code/npm/@ali/multimod-publish-content__tip/1.5.6/index-pc.js,code/npm/@ali/multimod-publish-content__cover-v2/1.5.6/index-pc.js,code/npm/@ali/multimod-publish-content__compliant-result/1.5.6/index-pc.js,code/npm/@ali/pnpm-react/18.2.0/6a96e9f5.js,code/npm/@ali/pnpm-react/18.2.0/index.js,code/npm/@ali/alimod-publish-guanghe__video-show/0.0.3/index-pc.js,code/npm/@ali/multimod-publish-content__title-input/1.5.6/index-pc.js,code/npm/@ali/multimod-publish-content__rich-text-v2/1.5.6/index-pc.js,code/npm/@ali/multimod-publish-content__topic-v2/1.5.6/index-pc.js,code/npm/@ali/multimod-publish-content__music-recommend/1.5.6/index-pc.js,code/npm/@ali/multimod-publish-content__item-v2/1.5.6/index-pc.js,code/npm/@ali/multimod-publish-content__collaborator/1.5.6/index-pc.js,code/npm/@ali/multimod-publish-content__collection/1.5.6/index-pc.js,code/npm/@ali/multimod-publish-content__publish-button/1.5.6/index-pc.js:38
[   86516ms] [ERROR] Failed to load resource: net::ERR_CONNECTION_CLOSED @ https://fourier.taobao.com/rp?ext=51&data=jm_xsyeIsz3yEkCAXPsr4+qW+4B&random=6046877715391751&href=https%3A%2F%2Fhuodong.taobao.com%2Fwow%2Fz%2Fguang%2Fgg_publish%2Fgg-video%3Fugc_scene%3Dpc_newcreator_video%26pageType%3Dvideo%26site%3Dguangguang&protocol=https:&callback=jsonpCallback:0
[   86532ms] [LOG] Thu May 28 2026 14:44:07 GMT+0800 (中国标准时间) @ https://g.alicdn.com/AWSC/et/1.83.41/et_f.js:1
[   86533ms] [INFO] %c%s%c%s%c%s%c%s color:#b1b1b1;margin-right:8px;margin-left: 10px 14:44:07 background-color:#1890ff;color:black;display:inline-block;border-radius:4px;padding-left:4px;padding-right:4px;margin-right:8px; INF background-color:#6cfdf3;color:black;display:inline-block;border-radius:4px;padding-left:4px;padding-right:4px;margin-right:8px; message-queue color:#b1b1b1; AccsInstance.send {0: service_hall_action, 1: t} @ https://g.alicdn.com/service-hall/scenario-widget/1.7.51/index.js:13
[   86608ms] [INFO] registerServiceWorker success: @ https://g.alicdn.com/??rax-pkg/object-assign/4.1.2/index.js,code/npm/@ali/pnpm-react/16.14.0/index.js,code/npm/@ali/pnpm-react-dom/16.14.0/index.js,code/npm/@ali/pnpm-publish-content-utils/2.0.4/index.js,code/npm/@ali/pnpm-uni--env/1.0.6/index.js,rax-pkg/universal-env/3.3.3/index.js,code/npm/@ali/universal-mtop/6.5.9/index.js,code/npm/@ali/pnpm-publish-next/1.0.8/index.js,code/npm/@ali/universal-user/9.1.0/index.js,code/npm/@ali/multimod-publish-content__app/1.5.6/index.js,code/npm/@ali/multimod-publish-content__config/1.5.6/index-pc.js,code/npm/@ali/multimod-publish-content__video-upload-v2/1.5.6/index-pc.js,code/npm/@ali/multimod-publish-content__tip/1.5.6/index-pc.js,code/npm/@ali/multimod-publish-content__cover-v2/1.5.6/index-pc.js,code/npm/@ali/multimod-publish-content__compliant-result/1.5.6/index-pc.js,code/npm/@ali/pnpm-react/18.2.0/6a96e9f5.js,code/npm/@ali/pnpm-react/18.2.0/index.js,code/npm/@ali/alimod-publish-guanghe__video-show/0.0.3/index-pc.js,code/npm/@ali/multimod-publish-content__title-input/1.5.6/index-pc.js,code/npm/@ali/multimod-publish-content__rich-text-v2/1.5.6/index-pc.js,code/npm/@ali/multimod-publish-content__topic-v2/1.5.6/index-pc.js,code/npm/@ali/multimod-publish-content__music-recommend/1.5.6/index-pc.js,code/npm/@ali/multimod-publish-content__item-v2/1.5.6/index-pc.js,code/npm/@ali/multimod-publish-content__collaborator/1.5.6/index-pc.js,code/npm/@ali/multimod-publish-content__collection/1.5.6/index-pc.js,code/npm/@ali/multimod-publish-content__publish-button/1.5.6/index-pc.js:38
[   89902ms] [WARNING] xxxx-page:/page/pubNew/video - tti:878 @ https://g.alicdn.com/mtb-guang/guanghe-creator/4.0.62/js/main.js:0
